Component: ARM Compiler 5.06 update 5 (build 528) Tool: armlink [4d35e2]

==============================================================================

Section Cross References

    startup_stm32f10x_md.o(RESET) refers to startup_stm32f10x_md.o(STACK) for __initial_sp
    startup_stm32f10x_md.o(RESET) refers to startup_stm32f10x_md.o(.text) for Reset_Handler
    startup_stm32f10x_md.o(RESET) refers to stm32f10x_it.o(i.NMI_Handler) for NMI_Handler
    startup_stm32f10x_md.o(RESET) refers to stm32f10x_it.o(i.HardFault_Handler) for HardFault_Handler
    startup_stm32f10x_md.o(RESET) refers to stm32f10x_it.o(i.MemManage_Handler) for MemManage_Handler
    startup_stm32f10x_md.o(RESET) refers to stm32f10x_it.o(i.BusFault_Handler) for BusFault_Handler
    startup_stm32f10x_md.o(RESET) refers to stm32f10x_it.o(i.UsageFault_Handler) for UsageFault_Handler
    startup_stm32f10x_md.o(RESET) refers to stm32f10x_it.o(i.SVC_Handler) for SVC_Handler
    startup_stm32f10x_md.o(RESET) refers to stm32f10x_it.o(i.DebugMon_Handler) for DebugMon_Handler
    startup_stm32f10x_md.o(RESET) refers to stm32f10x_it.o(i.PendSV_Handler) for PendSV_Handler
    startup_stm32f10x_md.o(RESET) refers to delay.o(i.SysTick_Handler) for SysTick_Handler
    startup_stm32f10x_md.o(RESET) refers to sr04.o(i.EXTI9_5_IRQHandler) for EXTI9_5_IRQHandler
    startup_stm32f10x_md.o(RESET) refers to sr04.o(i.TIM2_IRQHandler) for TIM2_IRQHandler
    startup_stm32f10x_md.o(RESET) refers to blue.o(i.USART2_IRQHandler) for USART2_IRQHandler
    startup_stm32f10x_md.o(RESET) refers to wifi.o(i.USART3_IRQHandler) for USART3_IRQHandler
    startup_stm32f10x_md.o(.text) refers to system_stm32f10x.o(i.SystemInit) for SystemInit
    startup_stm32f10x_md.o(.text) refers to entry.o(.ARM.Collect$$$$00000000) for __main
    main.o(i.Key_Shift) refers to key.o(i.Get_Key_Value) for Get_Key_Value
    main.o(i.Key_Shift) refers to stm32f10x_gpio.o(i.GPIO_WriteBit) for GPIO_WriteBit
    main.o(i.Key_Shift) refers to delay.o(.data) for key_num
    main.o(i.Key_Shift) refers to main.o(.data) for key_mode
    main.o(i.Show_TeamName) refers to lcd.o(i.LCD_Fill) for LCD_Fill
    main.o(i.Show_TeamName) refers to lcd.o(i.LCD_ShowString) for LCD_ShowString
    main.o(i.Show_TeamName) refers to lcd.o(i.LCD_ShowChinese) for LCD_ShowChinese
    main.o(i.main) refers to key.o(i.JTAG_SW_Config) for JTAG_SW_Config
    main.o(i.main) refers to delay.o(i.Systick_Init) for Systick_Init
    main.o(i.main) refers to led.o(i.LED_Config) for LED_Config
    main.o(i.main) refers to beep.o(i.BEEP_Config) for BEEP_Config
    main.o(i.main) refers to key.o(i.KEY_Config) for KEY_Config
    main.o(i.main) refers to usart1.o(i.USART_Config) for USART_Config
    main.o(i.main) refers to blue.o(i.Blue_Config) for Blue_Config
    main.o(i.main) refers to lcd.o(i.LCD_Init) for LCD_Init
    main.o(i.main) refers to motor.o(i.CAR_Motor_Config) for CAR_Motor_Config
    main.o(i.main) refers to sr04.o(i.Sr04_Init) for Sr04_Init
    main.o(i.main) refers to track.o(i.TRACK_Config) for TRACK_Config
    main.o(i.main) refers to sg90.o(i.Steer_Init) for Steer_Init
    main.o(i.main) refers to wifi.o(i.WIFI_Config) for WIFI_Config
    main.o(i.main) refers to main.o(i.Show_TeamName) for Show_TeamName
    main.o(i.main) refers to main.o(i.Key_Shift) for Key_Shift
    main.o(i.main) refers to main.o(i.sss) for sss
    main.o(i.main) refers to blue.o(i.Blue_Analysis) for Blue_Analysis
    main.o(i.main) refers to sr04.o(i.GetLength_Sr04) for GetLength_Sr04
    main.o(i.main) refers to track.o(i.Track_Find_Line) for Track_Find_Line
    main.o(i.main) refers to wifi.o(i.WIFI_Analysis) for WIFI_Analysis
    main.o(i.main) refers to sg90.o(i.Steer_Control) for Steer_Control
    main.o(i.main) refers to stm32f10x_gpio.o(i.GPIO_WriteBit) for GPIO_WriteBit
    main.o(i.main) refers to main.o(.data) for key_mode
    main.o(i.main) refers to lanya.o(.constdata) for gImage_lanya
    main.o(i.main) refers to biz.o(.constdata) for gImage_bizhang
    main.o(i.main) refers to xj.o(.constdata) for gImage_xunji
    main.o(i.main) refers to gensui.o(.constdata) for gImage_gensui
    main.o(i.main) refers to delay.o(.data) for sg90_num
    main.o(i.main) refers to wifitu.o(.constdata) for gImage_wifi
    main.o(i.sss) refers to lcd.o(i.LCD_Fill) for LCD_Fill
    main.o(i.sss) refers to lcd.o(i.LCD_ShowPicture) for LCD_ShowPicture
    main.o(i.sss) refers to lcd.o(i.LCD_ShowChinese) for LCD_ShowChinese
    main.o(i.sss) refers to main.o(.data) for key_flag
    system_stm32f10x.o(i.SetSysClock) refers to system_stm32f10x.o(i.SetSysClockTo72) for SetSysClockTo72
    system_stm32f10x.o(i.SystemCoreClockUpdate) refers to system_stm32f10x.o(.data) for SystemCoreClock
    system_stm32f10x.o(i.SystemInit) refers to system_stm32f10x.o(i.SetSysClock) for SetSysClock
    delay.o(i.SysTick_Handler) refers to delay.o(.data) for key_num
    led.o(i.LED_Config) refers to stm32f10x_rcc.o(i.RCC_APB2PeriphClockCmd) for RCC_APB2PeriphClockCmd
[...]
    Removing stm32f10x_sdio.o(.rrx_text), (6 bytes).
    Removing stm32f10x_sdio.o(i.SDIO_CEATAITCmd), (16 bytes).
    Removing stm32f10x_sdio.o(i.SDIO_ClearFlag), (12 bytes).
    Removing stm32f10x_sdio.o(i.SDIO_ClearITPendingBit), (12 bytes).
    Removing stm32f10x_sdio.o(i.SDIO_ClockCmd), (12 bytes).
    Removing stm32f10x_sdio.o(i.SDIO_CmdStructInit), (14 bytes).
    Removing stm32f10x_sdio.o(i.SDIO_CommandCompletionCmd), (12 bytes).
    Removing stm32f10x_sdio.o(i.SDIO_DMACmd), (12 bytes).
    Removing stm32f10x_sdio.o(i.SDIO_DataConfig), (48 bytes).
    Removing stm32f10x_sdio.o(i.SDIO_DataStructInit), (20 bytes).
    Removing stm32f10x_sdio.o(i.SDIO_DeInit), (36 bytes).
    Removing stm32f10x_sdio.o(i.SDIO_GetCommandResponse), (12 bytes).
    Removing stm32f10x_sdio.o(i.SDIO_GetDataCounter), (12 bytes).
    Removing stm32f10x_sdio.o(i.SDIO_GetFIFOCount), (12 bytes).
    Removing stm32f10x_sdio.o(i.SDIO_GetFlagStatus), (24 bytes).
    Removing stm32f10x_sdio.o(i.SDIO_GetITStatus), (24 bytes).
    Removing stm32f10x_sdio.o(i.SDIO_GetPowerState), (16 bytes).
    Removing stm32f10x_sdio.o(i.SDIO_GetResponse), (24 bytes).
    Removing stm32f10x_sdio.o(i.SDIO_ITConfig), (32 bytes).
    Removing stm32f10x_sdio.o(i.SDIO_Init), (48 bytes).
    Removing stm32f10x_sdio.o(i.SDIO_ReadData), (12 bytes).
    Removing stm32f10x_sdio.o(i.SDIO_SendCEATACmd), (12 bytes).
    Removing stm32f10x_sdio.o(i.SDIO_SendCommand), (44 bytes).
    Removing stm32f10x_sdio.o(i.SDIO_SendSDIOSuspendCmd), (12 bytes).
    Removing stm32f10x_sdio.o(i.SDIO_SetPowerState), (28 bytes).
    Removing stm32f10x_sdio.o(i.SDIO_SetSDIOOperation), (12 bytes).
    Removing stm32f10x_sdio.o(i.SDIO_SetSDIOReadWaitMode), (12 bytes).
    Removing stm32f10x_sdio.o(i.SDIO_StartSDIOReadWait), (12 bytes).
    Removing stm32f10x_sdio.o(i.SDIO_StopSDIOReadWait), (12 bytes).
    Removing stm32f10x_sdio.o(i.SDIO_StructInit), (16 bytes).
    Removing stm32f10x_sdio.o(i.SDIO_WriteData), (12 bytes).
    Removing stm32f10x_spi.o(.rev16_text), (4 bytes).
    Removing stm32f10x_spi.o(.revsh_text), (4 bytes).
    Removing stm32f10x_spi.o(.rrx_text), (6 bytes).
    Removing stm32f10x_spi.o(i.I2S_Cmd), (24 bytes).
    Removing stm32f10x_spi.o(i.I2S_Init), (232 bytes).
    Removing stm32f10x_spi.o(i.I2S_StructInit), (20 bytes).
    Removing stm32f10x_spi.o(i.SPI_BiDirectionalLineConfig), (28 bytes).
    Removing stm32f10x_spi.o(i.SPI_CalculateCRC), (24 bytes).
    Removing stm32f10x_spi.o(i.SPI_DataSizeConfig), (18 bytes).
    Removing stm32f10x_spi.o(i.SPI_GetCRC), (16 bytes).
    Removing stm32f10x_spi.o(i.SPI_GetCRCPolynomial), (6 bytes).
    Removing stm32f10x_spi.o(i.SPI_I2S_ClearFlag), (6 bytes).
    Removing stm32f10x_spi.o(i.SPI_I2S_ClearITPendingBit), (20 bytes).
    Removing stm32f10x_spi.o(i.SPI_I2S_DMACmd), (18 bytes).
    Removing stm32f10x_spi.o(i.SPI_I2S_DeInit), (88 bytes).
    Removing stm32f10x_spi.o(i.SPI_I2S_GetITStatus), (52 bytes).
    Removing stm32f10x_spi.o(i.SPI_I2S_ITConfig), (32 bytes).
    Removing stm32f10x_spi.o(i.SPI_NSSInternalSoftwareConfig), (30 bytes).
    Removing stm32f10x_spi.o(i.SPI_SSOutputCmd), (24 bytes).
    Removing stm32f10x_spi.o(i.SPI_StructInit), (24 bytes).
    Removing stm32f10x_spi.o(i.SPI_TransmitCRC), (10 bytes).
    Removing stm32f10x_tim.o(.rev16_text), (4 bytes).
    Removing stm32f10x_tim.o(.revsh_text), (4 bytes).
    Removing stm32f10x_tim.o(.rrx_text), (6 bytes).
    Removing stm32f10x_tim.o(i.TI1_Config), (128 bytes).
    Removing stm32f10x_tim.o(i.TI2_Config), (152 bytes).
    Removing stm32f10x_tim.o(i.TI3_Config), (144 bytes).
    Removing stm32f10x_tim.o(i.TI4_Config), (152 bytes).
    Removing stm32f10x_tim.o(i.TIM_BDTRConfig), (32 bytes).
    Removing stm32f10x_tim.o(i.TIM_BDTRStructInit), (18 bytes).
    Removing stm32f10x_tim.o(i.TIM_CCPreloadControl), (24 bytes).
    Removing stm32f10x_tim.o(i.TIM_CCxCmd), (30 bytes).
    Removing stm32f10x_tim.o(i.TIM_CCxNCmd), (30 bytes).
    Removing stm32f10x_tim.o(i.TIM_ClearITPendingBit), (6 bytes).
    Removing stm32f10x_tim.o(i.TIM_ClearOC1Ref), (18 bytes).
    Removing stm32f10x_tim.o(i.TIM_ClearOC2Ref), (24 bytes).
    Removing stm32f10x_tim.o(i.TIM_ClearOC3Ref), (18 bytes).
    Removing stm32f10x_tim.o(i.TIM_ClearOC4Ref), (24 bytes).
    Removing stm32f10x_tim.o(i.TIM_CounterModeConfig), (18 bytes).
    Removing stm32f10x_tim.o(i.TIM_DMACmd), (18 bytes).
    Removing stm32f10x_tim.o(i.TIM_DMAConfig), (10 bytes).
    Removing stm32f10x_tim.o(i.TIM_DeInit), (488 bytes).
    Removing stm32f10x_tim.o(i.TIM_ETRClockMode1Config), (54 bytes).
    Removing stm32f10x_tim.o(i.TIM_ETRClockMode2Config), (32 bytes).
    Removing stm32f10x_tim.o(i.TIM_ETRConfig), (28 bytes).
    Removing stm32f10x_tim.o(i.TIM_EncoderInterfaceConfig), (66 bytes).
    Removing stm32f10x_tim.o(i.TIM_ForcedOC1Config), (18 bytes).
    Removing stm32f10x_tim.o(i.TIM_ForcedOC2Config), (26 bytes).
    Removing stm32f10x_tim.o(i.TIM_ForcedOC3Config), (18 bytes).
    Removing stm32f10x_tim.o(i.TIM_ForcedOC4Config), (26 bytes).
    Removing stm32f10x_tim.o(i.TIM_GenerateEvent), (4 bytes).
    Removing stm32f10x_tim.o(i.TIM_GetCapture1), (6 bytes).
    Removing stm32f10x_tim.o(i.TIM_GetCapture2), (6 bytes).
    Removing stm32f10x_tim.o(i.TIM_GetCapture3), (6 bytes).
    Removing stm32f10x_tim.o(i.TIM_GetCapture4), (8 bytes).
    Removing stm32f10x_tim.o(i.TIM_GetCounter), (6 bytes).
    Removing stm32f10x_tim.o(i.TIM_GetFlagStatus), (18 bytes).
    Removing stm32f10x_tim.o(i.TIM_GetPrescaler), (6 bytes).
    Removing stm32f10x_tim.o(i.TIM_ICInit), (172 bytes).
    Removing stm32f10x_tim.o(i.TIM_ICStructInit), (18 bytes).
    Removing stm32f10x_tim.o(i.TIM_ITRxExternalClockConfig), (24 bytes).
    Removing stm32f10x_tim.o(i.TIM_InternalClockConfig), (12 bytes).
    Removing stm32f10x_tim.o(i.TIM_OC1FastConfig), (18 bytes).
    Removing stm32f10x_tim.o(i.TIM_OC1NPolarityConfig), (18 bytes).
    Removing stm32f10x_tim.o(i.TIM_OC1PolarityConfig), (18 bytes).
    Removing stm32f10x_tim.o(i.TIM_OC2FastConfig), (26 bytes).
    Removing stm32f10x_tim.o(i.TIM_OC2NPolarityConfig), (26 bytes).
    Removing stm32f10x_tim.o(i.TIM_OC2PolarityConfig), (26 bytes).
    Removing stm32f10x_tim.o(i.TIM_OC3FastConfig), (18 bytes).
    Removing stm32f10x_tim.o(i.TIM_OC3NPolarityConfig), (26 bytes).
    Removing stm32f10x_tim.o(i.TIM_OC3PolarityConfig), (26 bytes).
    Removing stm32f10x_tim.o(i.TIM_OC4FastConfig), (26 bytes).
    Removing stm32f10x_tim.o(i.TIM_OC4PolarityConfig), (26 bytes).
    Removing stm32f10x_tim.o(i.TIM_OCStructInit), (20 bytes).
    Removing stm32f10x_tim.o(i.TIM_PWMIConfig), (124 bytes).
    Removing stm32f10x_tim.o(i.TIM_PrescalerConfig), (6 bytes).
    Removing stm32f10x_tim.o(i.TIM_SelectCCDMA), (24 bytes).
    Removing stm32f10x_tim.o(i.TIM_SelectCOM), (24 bytes).
    Removing stm32f10x_tim.o(i.TIM_SelectHallSensor), (24 bytes).
    Removing stm32f10x_tim.o(i.TIM_SelectInputTrigger), (18 bytes).
    Removing stm32f10x_tim.o(i.TIM_SelectMasterSlaveMode), (18 bytes).
    Removing stm32f10x_tim.o(i.TIM_SelectOCxM), (82 bytes).
    Removing stm32f10x_tim.o(i.TIM_SelectOnePulseMode), (18 bytes).
    Removing stm32f10x_tim.o(i.TIM_SelectOutputTrigger), (18 bytes).
    Removing stm32f10x_tim.o(i.TIM_SelectSlaveMode), (18 bytes).
    Removing stm32f10x_tim.o(i.TIM_SetAutoreload), (4 bytes).
    Removing stm32f10x_tim.o(i.TIM_SetClockDivision), (18 bytes).
    Removing stm32f10x_tim.o(i.TIM_SetCounter), (4 bytes).
    Removing stm32f10x_tim.o(i.TIM_SetIC1Prescaler), (18 bytes).
    Removing stm32f10x_tim.o(i.TIM_SetIC2Prescaler), (26 bytes).
    Removing stm32f10x_tim.o(i.TIM_SetIC3Prescaler), (18 bytes).
    Removing stm32f10x_tim.o(i.TIM_SetIC4Prescaler), (26 bytes).
    Removing stm32f10x_tim.o(i.TIM_TIxExternalClockConfig), (62 bytes).
    Removing stm32f10x_tim.o(i.TIM_TimeBaseStructInit), (18 bytes).
    Removing stm32f10x_tim.o(i.TIM_UpdateDisableConfig), (24 bytes).
    Removing stm32f10x_tim.o(i.TIM_UpdateRequestConfig), (24 bytes).
    Removing stm32f10x_usart.o(.rev16_text), (4 bytes).
    Removing stm32f10x_usart.o(.revsh_text), (4 bytes).
    Removing stm32f10x_usart.o(.rrx_text), (6 bytes).
    Removing stm32f10x_usart.o(i.USART_ClearFlag), (18 bytes).
    Removing stm32f10x_usart.o(i.USART_ClockInit), (34 bytes).
    Removing stm32f10x_usart.o(i.USART_ClockStructInit), (12 bytes).
    Removing stm32f10x_usart.o(i.USART_DMACmd), (18 bytes).
    Removing stm32f10x_usart.o(i.USART_DeInit), (156 bytes).
    Removing stm32f10x_usart.o(i.USART_HalfDuplexCmd), (24 bytes).
    Removing stm32f10x_usart.o(i.USART_IrDACmd), (24 bytes).
    Removing stm32f10x_usart.o(i.USART_IrDAConfig), (18 bytes).
    Removing stm32f10x_usart.o(i.USART_LINBreakDetectLengthConfig), (18 bytes).
    Removing stm32f10x_usart.o(i.USART_LINCmd), (24 bytes).
    Removing stm32f10x_usart.o(i.USART_OneBitMethodCmd), (24 bytes).
    Removing stm32f10x_usart.o(i.USART_OverSampling8Cmd), (22 bytes).
    Removing stm32f10x_usart.o(i.USART_ReceiverWakeUpCmd), (24 bytes).
    Removing stm32f10x_usart.o(i.USART_SendBreak), (10 bytes).
    Removing stm32f10x_usart.o(i.USART_SendData), (8 bytes).
    Removing stm32f10x_usart.o(i.USART_SetAddress), (18 bytes).
    Removing stm32f10x_usart.o(i.USART_SetGuardTime), (16 bytes).
    Removing stm32f10x_usart.o(i.USART_SetPrescaler), (16 bytes).
    Removing stm32f10x_usart.o(i.USART_SmartCardCmd), (24 bytes).
    Removing stm32f10x_usart.o(i.USART_SmartCardNACKCmd), (24 bytes).
    Removing stm32f10x_usart.o(i.USART_StructInit), (24 bytes).
    Removing stm32f10x_usart.o(i.USART_WakeUpConfig), (18 bytes).
    Removing stm32f10x_wwdg.o(.rev16_text), (4 bytes).
    Removing stm32f10x_wwdg.o(.revsh_text), (4 bytes).
    Removing stm32f10x_wwdg.o(.rrx_text), (6 bytes).
    Removing stm32f10x_wwdg.o(i.WWDG_ClearFlag), (12 bytes).
    Removing stm32f10x_wwdg.o(i.WWDG_DeInit), (22 bytes).
    Removing stm32f10x_wwdg.o(i.WWDG_Enable), (16 bytes).
    Removing stm32f10x_wwdg.o(i.WWDG_EnableIT), (12 bytes).
    Removing stm32f10x_wwdg.o(i.WWDG_GetFlagStatus), (12 bytes).
    Removing stm32f10x_wwdg.o(i.WWDG_SetCounter), (16 bytes).
    Removing stm32f10x_wwdg.o(i.WWDG_SetPrescaler), (24 bytes).
    Removing stm32f10x_wwdg.o(i.WWDG_SetWindowValue), (40 bytes).
    Removing dfixul.o(.text), (48 bytes).
    Removing cdrcmple.o(.text), (48 bytes).

562 unused section(s) (total 59660 bytes) removed from the image.

==============================================================================

Image Symbol Table

    Local Symbols

    Symbol Name                              Value     Ov Type        Size  Object(Section)

    ../clib/microlib/division.c              0x00000000   Number         0  uldiv.o ABSOLUTE
    ../clib/microlib/division.c              0x00000000   Number         0  uidiv.o ABSOLUTE
    ../clib/microlib/init/entry.s            0x00000000   Number         0  entry9b.o ABSOLUTE
    ../clib/microlib/init/entry.s            0x00000000   Number         0  entry10a.o ABSOLUTE
    ../clib/microlib/init/entry.s            0x00000000   Number         0  entry8a.o ABSOLUTE
    ../clib/microlib/init/entry.s            0x00000000   Number         0  entry2.o ABSOLUTE
    ../clib/microlib/init/entry.s            0x00000000   Number         0  entry9a.o ABSOLUTE
    ../clib/microlib/init/entry.s            0x00000000   Number         0  entry7b.o ABSOLUTE
    ../clib/microlib/init/entry.s            0x00000000   Number         0  entry.o ABSOLUTE
    ../clib/microlib/init/entry.s            0x00000000   Number         0  entry8b.o ABSOLUTE
    ../clib/microlib/init/entry.s            0x00000000   Number         0  entry10b.o ABSOLUTE
    ../clib/microlib/init/entry.s            0x00000000   Number         0  entry11a.o ABSOLUTE
    ../clib/microlib/init/entry.s            0x00000000   Number         0  entry11b.o ABSOLUTE
    ../clib/microlib/init/entry.s            0x00000000   Number         0  entry7a.o ABSOLUTE
    ../clib/microlib/init/entry.s            0x00000000   Number         0  entry5.o ABSOLUTE
    ../clib/microlib/longlong.c              0x00000000   Number         0  llsshr.o ABSOLUTE
    ../clib/microlib/longlong.c              0x00000000   Number         0  llushr.o ABSOLUTE
    ../clib/microlib/longlong.c              0x00000000   Number         0  llshl.o ABSOLUTE
    ../clib/microlib/printf/printf.c         0x00000000   Number         0  printf7.o ABSOLUTE
    ../clib/microlib/printf/printf.c         0x00000000   Number         0  printf8.o ABSOLUTE
    ../clib/microlib/printf/printf.c         0x00000000   Number         0  printfa.o ABSOLUTE
    ../clib/microlib/printf/printf.c         0x00000000   Number         0  printf2.o ABSOLUTE
    ../clib/microlib/printf/printf.c         0x00000000   Number         0  printf3.o ABSOLUTE
    ../clib/microlib/printf/printf.c         0x00000000   Number         0  printf1.o ABSOLUTE
    ../clib/microlib/printf/printf.c         0x00000000   Number         0  printf0.o ABSOLUTE
    ../clib/microlib/printf/printf.c         0x00000000   Number         0  printfb.o ABSOLUTE
    ../clib/microlib/printf/printf.c         0x00000000   Number         0  printf6.o ABSOLUTE
    ../clib/microlib/printf/printf.c         0x00000000   Number         0  printf4.o ABSOLUTE
    ../clib/microlib/printf/printf.c         0x00000000   Number         0  printf5.o ABSOLUTE
    ../clib/microlib/printf/stubs.s          0x00000000   Number         0  stubs.o ABSOLUTE
    ../clib/microlib/stdio/streams.c         0x00000000   Number         0  stdout.o ABSOLUTE
    ../clib/microlib/string/memset.c         0x00000000   Number         0  memseta.o ABSOLUTE
    ../clib/microlib/stubs.s                 0x00000000   Number         0  iusefp.o ABSOLUTE
    ../fplib/microlib/d2f.c                  0x00000000   Number         0  d2f.o ABSOLUTE
    ../fplib/microlib/fpadd.c                0x00000000   Number         0  dadd.o ABSOLUTE
    ../fplib/microlib/fpdiv.c                0x00000000   Number         0  ddiv.o ABSOLUTE
    ../fplib/microlib/fpepilogue.c           0x00000000   Number         0  fepilogue.o ABSOLUTE
    ../fplib/microlib/fpepilogue.c           0x00000000   Number         0  depilogue.o ABSOLUTE
    ../fplib/microlib/fpfix.c                0x00000000   Number         0  dfixul.o ABSOLUTE
    ../fplib/microlib/fpfix.c                0x00000000   Number         0  dfixi.o ABSOLUTE
    ../fplib/microlib/fpfix.c                0x00000000   Number         0  dfixui.o ABSOLUTE
    ../fplib/microlib/fpflt.c                0x00000000   Number         0  dflti.o ABSOLUTE
    ../fplib/microlib/fpflt.c                0x00000000   Number         0  dfltui.o ABSOLUTE
    ../fplib/microlib/fpmul.c                0x00000000   Number         0  dmul.o ABSOLUTE
    ..\STM32F10x_StdPeriph_Driver\src\misc.c 0x00000000   Number         0  misc.o ABSOLUTE
    ..\STM32F10x_StdPeriph_Driver\src\stm32f10x_adc.c 0x00000000   Number         0  stm32f10x_adc.o ABSOLUTE
    ..\STM32F10x_StdPeriph_Driver\src\stm32f10x_bkp.c 0x00000000   Number         0  stm32f10x_bkp.o ABSOLUTE
    ..\STM32F10x_StdPeriph_Driver\src\stm32f10x_can.c 0x00000000   Number         0  stm32f10x_can.o ABSOLUTE
    ..\STM32F10x_StdPeriph_Driver\src\stm32f10x_cec.c 0x00000000   Number         0  stm32f10x_cec.o ABSOLUTE
    ..\STM32F10x_StdPeriph_Driver\src\stm32f10x_crc.c 0x00000000   Number         0  stm32f10x_crc.o ABSOLUTE
    ..\STM32F10x_StdPeriph_Driver\src\stm32f10x_dac.c 0x00000000   Number         0  stm32f10x_dac.o ABSOLUTE
    ..\STM32F10x_StdPeriph_Driver\src\stm32f10x_dbgmcu.c 0x00000000   Number         0  stm32f10x_dbgmcu.o ABSOLUTE
    ..\STM32F10x_StdPeriph_Driver\src\stm32f10x_dma.c 0x00000000   Number         0  stm32f10x_dma.o ABSOLUTE
    ..\STM32F10x_StdPeriph_Driver\src\stm32f10x_exti.c 0x00000000   Number         0  stm32f10x_exti.o ABSOLUTE
    ..\STM32F10x_StdPeriph_Driver\src\stm32f10x_flash.c 0x00000000   Number         0  stm32f10x_flash.o ABSOLUTE
    ..\STM32F10x_StdPeriph_Driver\src\stm32f10x_fsmc.c 0x00000000   Number         0  stm32f10x_fsmc.o ABSOLUTE
    ..\STM32F10x_StdPeriph_Driver\src\stm32f10x_gpio.c 0x00000000   Number         0  stm32f10x_gpio.o ABSOLUTE
    ..\STM32F10x_StdPeriph_Driver\src\stm32f10x_i2c.c 0x00000000   Number         0  stm32f10x_i2c.o ABSOLUTE
    ..\STM32F10x_StdPeriph_Driver\src\stm32f10x_iwdg.c 0x00000000   Number         0  stm32f10x_iwdg.o ABSOLUTE
    ..\STM32F10x_StdPeriph_Driver\src\stm32f10x_pwr.c 0x00000000   Number         0  stm32f10x_pwr.o ABSOLUTE
    ..\STM32F10x_StdPeriph_Driver\src\stm32f10x_rcc.c 0x00000000   Number         0  stm32f10x_rcc.o ABSOLUTE
    ..\STM32F10x_StdPeriph_Driver\src\stm32f10x_rtc.c 0x00000000   Number         0  stm32f10x_rtc.o ABSOLUTE
    ..\STM32F10x_StdPeriph_Driver\src\stm32f10x_sdio.c 0x00000000   Number         0  stm32f10x_sdio.o ABSOLUTE
    ..\STM32F10x_StdPeriph_Driver\src\stm32f10x_spi.c 0x00000000   Number         0  stm32f10x_spi.o ABSOLUTE
    ..\STM32F10x_StdPeriph_Driver\src\stm32f10x_tim.c 0x00000000   Number         0  stm32f10x_tim.o ABSOLUTE
    ..\STM32F10x_StdPeriph_Driver\src\stm32f10x_usart.c 0x00000000   Number         0  stm32f10x_usart.o ABSOLUTE
    ..\STM32F10x_StdPeriph_Driver\src\stm32f10x_wwdg.c 0x00000000   Number         0  stm32f10x_wwdg.o ABSOLUTE
    ..\\STM32F10x_StdPeriph_Driver\\src\\misc.c 0x00000000   Number         0  misc.o ABSOLUTE
    ..\\STM32F10x_StdPeriph_Driver\\src\\stm32f10x_adc.c 0x00000000   Number         0  stm32f10x_adc.o ABSOLUTE
    ..\\STM32F10x_StdPeriph_Driver\\src\\stm32f10x_bkp.c 0x00000000   Number         0  stm32f10x_bkp.o ABSOLUTE
    ..\\STM32F10x_StdPeriph_Driver\\src\\stm32f10x_can.c 0x00000000   Number         0  stm32f10x_can.o ABSOLUTE
    ..\\STM32F10x_StdPeriph_Driver\\src\\stm32f10x_cec.c 0x00000000   Number         0  stm32f10x_cec.o ABSOLUTE
    ..\\STM32F10x_StdPeriph_Driver\\src\\stm32f10x_crc.c 0x00000000   Number         0  stm32f10x_crc.o ABSOLUTE
    ..\\STM32F10x_StdPeriph_Driver\\src\\stm32f10x_dac.c 0x00000000   Number         0  stm32f10x_dac.o ABSOLUTE
    ..\\STM32F10x_StdPeriph_Driver\\src\\stm32f10x_dbgmcu.c 0x00000000   Number         0  stm32f10x_dbgmcu.o ABSOLUTE
    ..\\STM32F10x_StdPeriph_Driver\\src\\stm32f10x_dma.c 0x00000000   Number         0  stm32f10x_dma.o ABSOLUTE
    ..\\STM32F10x_StdPeriph_Driver\\src\\stm32f10x_exti.c 0x00000000   Number         0  stm32f10x_exti.o ABSOLUTE
    ..\\STM32F10x_StdPeriph_Driver\\src\\stm32f10x_flash.c 0x00000000   Number         0  stm32f10x_flash.o ABSOLUTE
    ..\\STM32F10x_StdPeriph_Driver\\src\\stm32f10x_fsmc.c 0x00000000   Number         0  stm32f10x_fsmc.o ABSOLUTE
    ..\\STM32F10x_StdPeriph_Driver\\src\\stm32f10x_gpio.c 0x00000000   Number         0  stm32f10x_gpio.o ABSOLUTE
    ..\\STM32F10x_StdPeriph_Driver\\src\\stm32f10x_i2c.c 0x00000000   Number         0  stm32f10x_i2c.o ABSOLUTE
    ..\\STM32F10x_StdPeriph_Driver\\src\\stm32f10x_iwdg.c 0x00000000   Number         0  stm32f10x_iwdg.o ABSOLUTE
    ..\\STM32F10x_StdPeriph_Driver\\src\\stm32f10x_pwr.c 0x00000000   Number         0  stm32f10x_pwr.o ABSOLUTE
    ..\\STM32F10x_StdPeriph_Driver\\src\\stm32f10x_rcc.c 0x00000000   Number         0  stm32f10x_rcc.o ABSOLUTE
    ..\\STM32F10x_StdPeriph_Driver\\src\\stm32f10x_rtc.c 0x00000000   Number         0  stm32f10x_rtc.o ABSOLUTE
    ..\\STM32F10x_StdPeriph_Driver\\src\\stm32f10x_sdio.c 0x00000000   Number         0  stm32f10x_sdio.o ABSOLUTE
    ..\\STM32F10x_StdPeriph_Driver\\src\\stm32f10x_spi.c 0x00000000   Number         0  stm32f10x_spi.o ABSOLUTE
    ..\\STM32F10x_StdPeriph_Driver\\src\\stm32f10x_tim.c 0x00000000   Number         0  stm32f10x_tim.o ABSOLUTE
    ..\\STM32F10x_StdPeriph_Driver\\src\\stm32f10x_usart.c 0x00000000   Number         0  stm32f10x_usart.o ABSOLUTE
    ..\\STM32F10x_StdPeriph_Driver\\src\\stm32f10x_wwdg.c 0x00000000   Number         0  stm32f10x_wwdg.o ABSOLUTE
    ..\\user\\api\\beep.c                    0x00000000   Number         0  beep.o ABSOLUTE
    ..\\user\\api\\blue.c                    0x00000000   Number         0  blue.o ABSOLUTE
    ..\\user\\api\\delay.c                   0x00000000   Number         0  delay.o ABSOLUTE
    ..\\user\\api\\key.c                     0x00000000   Number         0  key.o ABSOLUTE
    ..\\user\\api\\lcd.c                     0x00000000   Number         0  lcd.o ABSOLUTE
    ..\\user\\api\\led.c                     0x00000000   Number         0  led.o ABSOLUTE
    ..\\user\\api\\motor.c                   0x00000000   Number         0  motor.o ABSOLUTE
    ..\\user\\api\\sg90.c                    0x00000000   Number         0  sg90.o ABSOLUTE
    ..\\user\\api\\spi.c                     0x00000000   Number         0  spi.o ABSOLUTE
    ..\\user\\api\\sr04.c                    0x00000000   Number         0  sr04.o ABSOLUTE
    ..\\user\\api\\track.c                   0x00000000   Number         0  track.o ABSOLUTE
    ..\\user\\api\\usart1.c                  0x00000000   Number         0  usart1.o ABSOLUTE
    ..\\user\\api\\wifi.c                    0x00000000   Number         0  wifi.o ABSOLUTE
    ..\\user\\main.c                         0x00000000   Number         0  main.o ABSOLUTE
    ..\\user\\stm32f10x_it.c                 0x00000000   Number         0  stm32f10x_it.o ABSOLUTE
    ..\\user\\system_stm32f10x.c             0x00000000   Number         0  system_stm32f10x.o ABSOLUTE
    ..\startup\startup_stm32f10x_md.s        0x00000000   Number         0  startup_stm32f10x_md.o ABSOLUTE
    ..\user\api\beep.c                       0x00000000   Number         0  beep.o ABSOLUTE
    ..\user\api\biz.c                        0x00000000   Number         0  biz.o ABSOLUTE
    ..\user\api\blue.c                       0x00000000   Number         0  blue.o ABSOLUTE
    ..\user\api\delay.c                      0x00000000   Number         0  delay.o ABSOLUTE
    ..\user\api\gensui.c                     0x00000000   Number         0  gensui.o ABSOLUTE
    ..\user\api\key.c                        0x00000000   Number         0  key.o ABSOLUTE
    ..\user\api\lanya.c                      0x00000000   Number         0  lanya.o ABSOLUTE
    ..\user\api\lcd.c                        0x00000000   Number         0  lcd.o ABSOLUTE
    ..\user\api\led.c                        0x00000000   Number         0  led.o ABSOLUTE
    ..\user\api\motor.c                      0x00000000   Number         0  motor.o ABSOLUTE
    ..\user\api\sg90.c                       0x00000000   Number         0  sg90.o ABSOLUTE
    ..\user\api\spi.c                        0x00000000   Number         0  spi.o ABSOLUTE
    ..\user\api\sr04.c                       0x00000000   Number         0  sr04.o ABSOLUTE
    ..\user\api\track.c                      0x00000000   Number         0  track.o ABSOLUTE
    ..\user\api\usart1.c                     0x00000000   Number         0  usart1.o ABSOLUTE
    ..\user\api\wifi.c                       0x00000000   Number         0  wifi.o ABSOLUTE
    ..\user\api\wifitu.c                     0x00000000   Number         0  wifitu.o ABSOLUTE
    ..\user\api\xj.c                         0x00000000   Number         0  xj.o ABSOLUTE
    ..\user\api\zz.c                         0x00000000   Number         0  zz.o ABSOLUTE
    ..\user\main.c                           0x00000000   Number         0  main.o ABSOLUTE
    ..\user\stm32f10x_it.c                   0x00000000   Number         0  stm32f10x_it.o ABSOLUTE
    ..\user\system_stm32f10x.c               0x00000000   Number         0  system_stm32f10x.o ABSOLUTE
    cdrcmple.s                               0x00000000   Number         0  cdrcmple.o ABSOLUTE
    cfcmple.s                                0x00000000   Number         0  cfcmple.o ABSOLUTE
    cfrcmple.s                               0x00000000   Number         0  cfrcmple.o ABSOLUTE
    dc.s                                     0x00000000   Number         0  dc.o ABSOLUTE
    handlers.s                               0x00000000   Number         0  handlers.o ABSOLUTE
    init.s                                   0x00000000   Number         0  init.o ABSOLUTE
    RESET                                    0x08000000   Section      236  startup_stm32f10x_md.o(RESET)
    .ARM.Collect$$$$00000000                 0x080000ec   Section        0  entry.o(.ARM.Collect$$$$00000000)
    .ARM.Collect$$$$00000001                 0x080000ec   Section        4  entry2.o(.ARM.Collect$$$$00000001)
    .ARM.Collect$$$$00000004                 0x080000f0   Section        4  entry5.o(.ARM.Collect$$$$00000004)
    .ARM.Collect$$$$00000008                 0x080000f4   Section        0  entry7b.o(.ARM.Collect$$$$00000008)
    .ARM.Collect$$$$0000000A                 0x080000f4   Section        0  entry8b.o(.ARM.Collect$$$$0000000A)
    .ARM.Collect$$$$0000000B                 0x080000f4   Section        8  entry9a.o(.ARM.Collect$$$$0000000B)
    .ARM.Collect$$$$0000000D                 0x080000fc   Section        0  entry10a.o(.ARM.Collect$$$$0000000D)
    .ARM.Collect$$$$0000000F                 0x080000fc   Section        0  entry11a.o(.ARM.Collect$$$$0000000F)
    .ARM.Collect$$$$00002712                 0x080000fc   Section        4  entry2.o(.ARM.Collect$$$$00002712)
    __lit__00000000                          0x080000fc   Data           4  entry2.o(.ARM.Collect$$$$00002712)
    .text                                    0x08000100   Section       36  startup_stm32f10x_md.o(.text)
    .text                                    0x08000124   Section        0  memseta.o(.text)
    .text                                    0x08000148   Section        0  dadd.o(.text)
    .text                                    0x08000296   Section        0  dmul.o(.text)
    .text                                    0x0800037a   Section        0  ddiv.o(.text)
    .text                                    0x08000458   Section        0  dflti.o(.text)
    .text                                    0x0800047a   Section        0  dfltui.o(.text)
    .text                                    0x08000494   Section        0  dfixi.o(.text)
    .text                                    0x080004d2   Section        0  dfixui.o(.text)
    .text                                    0x08000504   Section        0  d2f.o(.text)
    .text                                    0x0800053c   Section       20  cfcmple.o(.text)
    .text                                    0x08000550   Section       20  cfrcmple.o(.text)
    .text                                    0x08000564   Section        0  llshl.o(.text)
    .text                                    0x08000582   Section        0  llushr.o(.text)
    .text                                    0x080005a2   Section        0  llsshr.o(.text)
    .text                                    0x080005c6   Section        0  fepilogue.o(.text)
    .text                                    0x080005c6   Section        0  iusefp.o(.text)
    .text                                    0x08000634   Section        0  depilogue.o(.text)
    .text                                    0x080006f0   Section       36  init.o(.text)
    i.BEEP_Config                            0x08000714   Section        0  beep.o(i.BEEP_Config)
    i.Blue_Analysis                          0x08000750   Section        0  blue.o(i.Blue_Analysis)
    i.Blue_Config                            0x080007cc   Section        0  blue.o(i.Blue_Config)
    i.BusFault_Handler                       0x08000894   Section        0  stm32f10x_it.o(i.BusFault_Handler)
    i.CAR_Back                               0x08000898   Section        0  motor.o(i.CAR_Back)
    i.CAR_Forward                            0x080008e8   Section        0  motor.o(i.CAR_Forward)
    i.CAR_Motor_Config                       0x08000938   Section        0  motor.o(i.CAR_Motor_Config)
    i.Car_Left_Big                           0x08000a80   Section        0  motor.o(i.Car_Left_Big)
    i.Car_Left_Mid                           0x08000ad8   Section        0  motor.o(i.Car_Left_Mid)
    i.Car_Left_Small                         0x08000b28   Section        0  motor.o(i.Car_Left_Small)
    i.Car_Right_Big                          0x08000b78   Section        0  motor.o(i.Car_Right_Big)
    i.Car_Right_Mid                          0x08000bd0   Section        0  motor.o(i.Car_Right_Mid)
    i.Car_Stop                               0x08000c20   Section        0  motor.o(i.Car_Stop)
    i.DebugMon_Handler                       0x08000c6c   Section        0  stm32f10x_it.o(i.DebugMon_Handler)
    i.Delay_ms                               0x08000c6e   Section        0  delay.o(i.Delay_ms)
    i.EXTI9_5_IRQHandler                     0x08000d24   Section        0  sr04.o(i.EXTI9_5_IRQHandler)
    i.EXTI_ClearITPendingBit                 0x08000d5c   Section        0  stm32f10x_exti.o(i.EXTI_ClearITPendingBit)
    i.EXTI_GetITStatus                       0x08000d68   Section        0  stm32f10x_exti.o(i.EXTI_GetITStatus)
    i.EXTI_Init                              0x08000d90   Section        0  stm32f10x_exti.o(i.EXTI_Init)
    i.GPIO_EXTILineConfig                    0x08000e24   Section        0  stm32f10x_gpio.o(i.GPIO_EXTILineConfig)
    i.GPIO_Init                              0x08000e64   Section        0  stm32f10x_gpio.o(i.GPIO_Init)
    i.GPIO_PinRemapConfig                    0x08000f7c   Section        0  stm32f10x_gpio.o(i.GPIO_PinRemapConfig)
    i.GPIO_ReadInputDataBit                  0x0800100c   Section        0  stm32f10x_gpio.o(i.GPIO_ReadInputDataBit)
    i.GPIO_ReadOutputDataBit                 0x0800101e   Section        0  stm32f10x_gpio.o(i.GPIO_ReadOutputDataBit)
    i.GPIO_ResetBits                         0x08001030   Section        0  stm32f10x_gpio.o(i.GPIO_ResetBits)
    i.GPIO_SetBits                           0x08001034   Section        0  stm32f10x_gpio.o(i.GPIO_SetBits)
    i.GPIO_WriteBit                          0x08001038   Section        0  stm32f10x_gpio.o(i.GPIO_WriteBit)
    i.GetLength_Sr04                         0x08001044   Section        0  sr04.o(i.GetLength_Sr04)
    i.Get_Key_Value                          0x0800109c   Section        0  key.o(i.Get_Key_Value)
    i.HardFault_Handler                      0x080010dc   Section        0  stm32f10x_it.o(i.HardFault_Handler)
    i.JTAG_SW_Config                         0x080010e0   Section        0  key.o(i.JTAG_SW_Config)
    i.KEY_Config                             0x080010f8   Section        0  key.o(i.KEY_Config)
    i.Key_Shift                              0x08001120   Section        0  main.o(i.Key_Shift)
    i.LCD_Address_Set                        0x0800116c   Section        0  lcd.o(i.LCD_Address_Set)
    i.LCD_DrawPoint                          0x080011ae   Section        0  lcd.o(i.LCD_DrawPoint)
    i.LCD_Fill                               0x080011ca   Section        0  lcd.o(i.LCD_Fill)
    i.LCD_Init                               0x08001210   Section        0  lcd.o(i.LCD_Init)
    i.LCD_ShowChar                           0x08001410   Section        0  lcd.o(i.LCD_ShowChar)
    i.LCD_ShowChinese                        0x08001534   Section        0  lcd.o(i.LCD_ShowChinese)
    i.LCD_ShowChinese12x12                   0x0800158c   Section        0  lcd.o(i.LCD_ShowChinese12x12)
    i.LCD_ShowChinese16x16                   0x080016d4   Section        0  lcd.o(i.LCD_ShowChinese16x16)
    i.LCD_ShowPicture                        0x0800180c   Section        0  lcd.o(i.LCD_ShowPicture)
    i.LCD_ShowString                         0x08001866   Section        0  lcd.o(i.LCD_ShowString)
    i.LCD_WR_DATA                            0x080018a8   Section        0  lcd.o(i.LCD_WR_DATA)
    i.LCD_WR_DATA8                           0x080018ba   Section        0  lcd.o(i.LCD_WR_DATA8)
    i.LCD_WR_REG                             0x080018c8   Section        0  lcd.o(i.LCD_WR_REG)
    i.LCD_Writ_Bus                           0x080018ec   Section        0  lcd.o(i.LCD_Writ_Bus)
    i.LED_Config                             0x0800190c   Section        0  led.o(i.LED_Config)
    i.MemManage_Handler                      0x0800193c   Section        0  stm32f10x_it.o(i.MemManage_Handler)
    i.NMI_Handler                            0x08001940   Section        0  stm32f10x_it.o(i.NMI_Handler)
    i.NVIC_Init                              0x08001944   Section        0  misc.o(i.NVIC_Init)
    i.PendSV_Handler                         0x080019b4   Section        0  stm32f10x_it.o(i.PendSV_Handler)
    i.RCC_APB1PeriphClockCmd                 0x080019b8   Section        0  stm32f10x_rcc.o(i.RCC_APB1PeriphClockCmd)
    i.RCC_APB2PeriphClockCmd                 0x080019d8   Section        0  stm32f10x_rcc.o(i.RCC_APB2PeriphClockCmd)
    i.RCC_GetClocksFreq                      0x080019f8   Section        0  stm32f10x_rcc.o(i.RCC_GetClocksFreq)
    i.SPI2_Init                              0x08001acc   Section        0  spi.o(i.SPI2_Init)
    i.SPI2_ReadWriteByte                     0x08001bac   Section        0  spi.o(i.SPI2_ReadWriteByte)
    i.SPI_Cmd                                0x08001c00   Section        0  stm32f10x_spi.o(i.SPI_Cmd)
    i.SPI_I2S_GetFlagStatus                  0x08001c18   Section        0  stm32f10x_spi.o(i.SPI_I2S_GetFlagStatus)
    i.SPI_I2S_ReceiveData                    0x08001c2a   Section        0  stm32f10x_spi.o(i.SPI_I2S_ReceiveData)
    i.SPI_I2S_SendData                       0x08001c30   Section        0  stm32f10x_spi.o(i.SPI_I2S_SendData)
    i.SPI_Init                               0x08001c34   Section        0  stm32f10x_spi.o(i.SPI_Init)
    i.SVC_Handler                            0x08001c70   Section        0  stm32f10x_it.o(i.SVC_Handler)
    i.SetSysClock                            0x08001c72   Section        0  system_stm32f10x.o(i.SetSysClock)
    SetSysClock                              0x08001c73   Thumb Code     8  system_stm32f10x.o(i.SetSysClock)
    i.SetSysClockTo72                        0x08001c7c   Section        0  system_stm32f10x.o(i.SetSysClockTo72)
    SetSysClockTo72                          0x08001c7d   Thumb Code   214  system_stm32f10x.o(i.SetSysClockTo72)
    i.Show_TeamName                          0x08001d5c   Section        0  main.o(i.Show_TeamName)
    i.Sr04_Config                            0x08001e74   Section        0  sr04.o(i.Sr04_Config)
    i.Sr04_CountInc                          0x08001f08   Section        0  sr04.o(i.Sr04_CountInc)
    i.Sr04_GetLength                         0x08001f20   Section        0  sr04.o(i.Sr04_GetLength)
    i.Sr04_Init                              0x08001f78   Section        0  sr04.o(i.Sr04_Init)
    i.Sr04_SendTTL                           0x08001f84   Section        0  sr04.o(i.Sr04_SendTTL)
    i.Steer_Control                          0x08001ff4   Section        0  sg90.o(i.Steer_Control)
    i.Steer_Init                             0x080020b0   Section        0  sg90.o(i.Steer_Init)
    i.Steer_SetAngle                         0x080020e0   Section        0  sg90.o(i.Steer_SetAngle)
    i.SysTick_Handler                        0x08002184   Section        0  delay.o(i.SysTick_Handler)
    i.SystemInit                             0x080021bc   Section        0  system_stm32f10x.o(i.SystemInit)
    i.Systick_Init                           0x0800221c   Section        0  delay.o(i.Systick_Init)
    i.TIM2_IRQHandler                        0x08002278   Section        0  sr04.o(i.TIM2_IRQHandler)
    i.TIM_ARRPreloadConfig                   0x08002298   Section        0  stm32f10x_tim.o(i.TIM_ARRPreloadConfig)
    i.TIM_ClearFlag                          0x080022b0   Section        0  stm32f10x_tim.o(i.TIM_ClearFlag)
    i.TIM_Cmd                                0x080022b6   Section        0  stm32f10x_tim.o(i.TIM_Cmd)
    i.TIM_CtrlPWMOutputs                     0x080022ce   Section        0  stm32f10x_tim.o(i.TIM_CtrlPWMOutputs)
    i.TIM_GetITStatus                        0x080022ec   Section        0  stm32f10x_tim.o(i.TIM_GetITStatus)
    i.TIM_ITConfig                           0x0800230e   Section        0  stm32f10x_tim.o(i.TIM_ITConfig)
    i.TIM_OC1Init                            0x08002320   Section        0  stm32f10x_tim.o(i.TIM_OC1Init)
    i.TIM_OC1PreloadConfig                   0x080023b8   Section        0  stm32f10x_tim.o(i.TIM_OC1PreloadConfig)
    i.TIM_OC2Init                            0x080023cc   Section        0  stm32f10x_tim.o(i.TIM_OC2Init)
    i.TIM_OC2PreloadConfig                   0x08002470   Section        0  stm32f10x_tim.o(i.TIM_OC2PreloadConfig)
    i.TIM_OC3Init                            0x0800248c   Section        0  stm32f10x_tim.o(i.TIM_OC3Init)
    i.TIM_OC3PreloadConfig                   0x0800252c   Section        0  stm32f10x_tim.o(i.TIM_OC3PreloadConfig)
    i.TIM_OC4Init                            0x08002540   Section        0  stm32f10x_tim.o(i.TIM_OC4Init)
    i.TIM_OC4PreloadConfig                   0x080025bc   Section        0  stm32f10x_tim.o(i.TIM_OC4PreloadConfig)
    i.TIM_SetCompare1                        0x080025d6   Section        0  stm32f10x_tim.o(i.TIM_SetCompare1)
    i.TIM_SetCompare2                        0x080025da   Section        0  stm32f10x_tim.o(i.TIM_SetCompare2)
    i.TIM_SetCompare3                        0x080025de   Section        0  stm32f10x_tim.o(i.TIM_SetCompare3)
    i.TIM_SetCompare4                        0x080025e2   Section        0  stm32f10x_tim.o(i.TIM_SetCompare4)
    i.TIM_TimeBaseInit                       0x080025e8   Section        0  stm32f10x_tim.o(i.TIM_TimeBaseInit)
    i.TRACK_Config                           0x0800268c   Section        0  track.o(i.TRACK_Config)
    i.Tim1Sr04_Config                        0x080026b8   Section        0  sr04.o(i.Tim1Sr04_Config)
    i.Tim1_SteerInit                         0x08002720   Section        0  sg90.o(i.Tim1_SteerInit)
    i.Track_Find_Line                        0x080028a8   Section        0  track.o(i.Track_Find_Line)
    i.USART2_IRQHandler                      0x08002a14   Section        0  blue.o(i.USART2_IRQHandler)
    i.USART3_IRQHandler                      0x08002a84   Section        0  wifi.o(i.USART3_IRQHandler)
    i.USART_ClearITPendingBit                0x08002aec   Section        0  stm32f10x_usart.o(i.USART_ClearITPendingBit)
    i.USART_Cmd                              0x08002b0a   Section        0  stm32f10x_usart.o(i.USART_Cmd)
    i.USART_Config                           0x08002b24   Section        0  usart1.o(i.USART_Config)
    i.USART_GetFlagStatus                    0x08002bb0   Section        0  stm32f10x_usart.o(i.USART_GetFlagStatus)
    i.USART_GetITStatus                      0x08002bca   Section        0  stm32f10x_usart.o(i.USART_GetITStatus)
    i.USART_ITConfig                         0x08002c1e   Section        0  stm32f10x_usart.o(i.USART_ITConfig)
    i.USART_Init                             0x08002c68   Section        0  stm32f10x_usart.o(i.USART_Init)
    i.USART_ReceiveData                      0x08002d40   Section        0  stm32f10x_usart.o(i.USART_ReceiveData)
    i.UsageFault_Handler                     0x08002d4a   Section        0  stm32f10x_it.o(i.UsageFault_Handler)
    i.WIFI_Analysis                          0x08002d50   Section        0  wifi.o(i.WIFI_Analysis)
    i.WIFI_Config                            0x08002e60   Section        0  wifi.o(i.WIFI_Config)
    i.__scatterload_copy                     0x08002f24   Section       14  handlers.o(i.__scatterload_copy)
    i.__scatterload_null                     0x08002f32   Section        2  handlers.o(i.__scatterload_null)
    i.__scatterload_zeroinit                 0x08002f34   Section       14  handlers.o(i.__scatterload_zeroinit)
    i.main                                   0x08002f44   Section        0  main.o(i.main)
    i.sss                                    0x080030a8   Section        0  main.o(i.sss)
    .constdata                               0x080030f4   Section     4470  lcd.o(.constdata)
    .constdata                               0x0800426a   Section     7200  lanya.o(.constdata)
    .constdata                               0x08005e8a   Section     7200  biz.o(.constdata)
    .constdata                               0x08007aaa   Section     7200  xj.o(.constdata)
    .constdata                               0x080096ca   Section     7200  wifitu.o(.constdata)
    .constdata                               0x0800b2ea   Section     7200  gensui.o(.constdata)
    .data                                    0x20000000   Section        2  main.o(.data)
    key_flag                                 0x20000000   Data           1  main.o(.data)
    key_mode                                 0x20000001   Data           1  main.o(.data)
    .data                                    0x20000002   Section        8  delay.o(.data)
    .data                                    0x2000000a   Section        2  key.o(.data)
    count                                    0x2000000a   Data           2  key.o(.data)
    .data                                    0x2000000c   Section        2  blue.o(.data)
    .data                                    0x20000010   Section        4  sr04.o(.data)
    .data                                    0x20000014   Section        9  sg90.o(.data)
    .data                                    0x2000001d   Section       20  stm32f10x_rcc.o(.data)
    APBAHBPrescTable                         0x2000001d   Data          16  stm32f10x_rcc.o(.data)
    ADCPrescTable                            0x2000002d   Data           4  stm32f10x_rcc.o(.data)
    .bss                                     0x20000034   Section       20  blue.o(.bss)
    .bss                                     0x20000048   Section       36  sr04.o(.bss)
    .bss                                     0x2000006c   Section      259  wifi.o(.bss)
    STACK                                    0x20000170   Section     1024  startup_stm32f10x_md.o(STACK)

    Global Symbols

    Symbol Name                              Value     Ov Type        Size  Object(Section)

    BuildAttributes$$THM_ISAv4$P$D$K$B$S$PE$A:L22UL41UL21$X:L11$S22US41US21$IEEE1$IW$USESV6$~STKCKD$USESV7$~SHL$OTIME$ROPI$EBA8$MICROLIB$REQ8$PRES8$EABIv2 0x00000000   Number         0  anon$$obj.o ABSOLUTE
    __ARM_use_no_argv                        0x00000000   Number         0  main.o ABSOLUTE
    _printf_a                                0x00000000   Number         0  stubs.o ABSOLUTE
    _printf_c                                0x00000000   Number         0  stubs.o ABSOLUTE
    _printf_charcount                        0x00000000   Number         0  stubs.o ABSOLUTE
    _printf_d                                0x00000000   Number         0  stubs.o ABSOLUTE
    _printf_e                                0x00000000   Number         0  stubs.o ABSOLUTE
    _printf_f                                0x00000000   Number         0  stubs.o ABSOLUTE
    _printf_flags                            0x00000000   Number         0  stubs.o ABSOLUTE
    _printf_fp_dec                           0x00000000   Number         0  stubs.o ABSOLUTE
    _printf_fp_hex                           0x00000000   Number         0  stubs.o ABSOLUTE
    _printf_g                                0x00000000   Number         0  stubs.o ABSOLUTE
    _printf_i                                0x00000000   Number         0  stubs.o ABSOLUTE
    _printf_int_dec                          0x00000000   Number         0  stubs.o ABSOLUTE
    _printf_l                                0x00000000   Number         0  stubs.o ABSOLUTE
    _printf_lc                               0x00000000   Number         0  stubs.o ABSOLUTE
    _printf_ll                               0x00000000   Number         0  stubs.o ABSOLUTE
    _printf_lld                              0x00000000   Number         0  stubs.o ABSOLUTE
    _printf_lli                              0x00000000   Number         0  stubs.o ABSOLUTE
    _printf_llo                              0x00000000   Number         0  stubs.o ABSOLUTE
    _printf_llu                              0x00000000   Number         0  stubs.o ABSOLUTE
    _printf_llx                              0x00000000   Number         0  stubs.o ABSOLUTE
    _printf_longlong_dec                     0x00000000   Number         0  stubs.o ABSOLUTE
    _printf_longlong_hex                     0x00000000   Number         0  stubs.o ABSOLUTE
    _printf_longlong_oct                     0x00000000   Number         0  stubs.o ABSOLUTE
    _printf_ls                               0x00000000   Number         0  stubs.o ABSOLUTE
    _printf_mbtowc                           0x00000000   Number         0  stubs.o ABSOLUTE
    _printf_n                                0x00000000   Number         0  stubs.o ABSOLUTE
    _printf_o                                0x00000000   Number         0  stubs.o ABSOLUTE
    _printf_p                                0x00000000   Number         0  stubs.o ABSOLUTE
    _printf_percent                          0x00000000   Number         0  stubs.o ABSOLUTE
    _printf_pre_padding                      0x00000000   Number         0  stubs.o ABSOLUTE
    _printf_return_value                     0x00000000   Number         0  stubs.o ABSOLUTE
    _printf_s                                0x00000000   Number         0  stubs.o ABSOLUTE
    _printf_sizespec                         0x00000000   Number         0  stubs.o ABSOLUTE
    _printf_str                              0x00000000   Number         0  stubs.o ABSOLUTE
    _printf_truncate_signed                  0x00000000   Number         0  stubs.o ABSOLUTE
    _printf_truncate_unsigned                0x00000000   Number         0  stubs.o ABSOLUTE
    _printf_u                                0x00000000   Number         0  stubs.o ABSOLUTE
    _printf_wc                               0x00000000   Number         0  stubs.o ABSOLUTE
    _printf_wctomb                           0x00000000   Number         0  stubs.o ABSOLUTE
    _printf_widthprec                        0x00000000   Number         0  stubs.o ABSOLUTE
    _printf_x                                0x00000000   Number         0  stubs.o ABSOLUTE
    __cpp_initialize__aeabi_                  - Undefined Weak Reference
    __cxa_finalize                            - Undefined Weak Reference
    __decompress                              - Undefined Weak Reference
    _clock_init                               - Undefined Weak Reference
    _microlib_exit                            - Undefined Weak Reference
    __Vectors_Size                           0x000000ec   Number         0  startup_stm32f10x_md.o ABSOLUTE
    __Vectors                                0x08000000   Data           4  startup_stm32f10x_md.o(RESET)
    __Vectors_End                            0x080000ec   Data           0  startup_stm32f10x_md.o(RESET)
    __main                                   0x080000ed   Thumb Code     0  entry.o(.ARM.Collect$$$$00000000)
    _main_stk                                0x080000ed   Thumb Code     0  entry2.o(.ARM.Collect$$$$00000001)
    _main_scatterload                        0x080000f1   Thumb Code     0  entry5.o(.ARM.Collect$$$$00000004)
    __main_after_scatterload                 0x080000f5   Thumb Code     0  entry5.o(.ARM.Collect$$$$00000004)
    _main_clock                              0x080000f5   Thumb Code     0  entry7b.o(.ARM.Collect$$$$00000008)
    _main_cpp_init                           0x080000f5   Thumb Code     0  entry8b.o(.ARM.Collect$$$$0000000A)
    _main_init                               0x080000f5   Thumb Code     0  entry9a.o(.ARM.Collect$$$$0000000B)
    __rt_final_cpp                           0x080000fd   Thumb Code     0  entry10a.o(.ARM.Collect$$$$0000000D)
    __rt_final_exit                          0x080000fd   Thumb Code     0  entry11a.o(.ARM.Collect$$$$0000000F)
    Reset_Handler                            0x08000101   Thumb Code     8  startup_stm32f10x_md.o(.text)
    ADC1_2_IRQHandler                        0x0800011b   Thumb Code     0  startup_stm32f10x_md.o(.text)
    CAN1_RX1_IRQHandler                      0x0800011b   Thumb Code     0  startup_stm32f10x_md.o(.text)
    CAN1_SCE_IRQHandler                      0x0800011b   Thumb Code     0  startup_stm32f10x_md.o(.text)
    DMA1_Channel1_IRQHandler                 0x0800011b   Thumb Code     0  startup_stm32f10x_md.o(.text)
    DMA1_Channel2_IRQHandler                 0x0800011b   Thumb Code     0  startup_stm32f10x_md.o(.text)
    DMA1_Channel3_IRQHandler                 0x0800011b   Thumb Code     0  startup_stm32f10x_md.o(.text)
    DMA1_Channel4_IRQHandler                 0x0800011b   Thumb Code     0  startup_stm32f10x_md.o(.text)
    DMA1_Channel5_IRQHandler                 0x0800011b   Thumb Code     0  startup_stm32f10x_md.o(.text)
    DMA1_Channel6_IRQHandler                 0x0800011b   Thumb Code     0  startup_stm32f10x_md.o(.text)
    DMA1_Channel7_IRQHandler                 0x0800011b   Thumb Code     0  startup_stm32f10x_md.o(.text)
    EXTI0_IRQHandler                         0x0800011b   Thumb Code     0  startup_stm32f10x_md.o(.text)
    EXTI15_10_IRQHandler                     0x0800011b   Thumb Code     0  startup_stm32f10x_md.o(.text)
    EXTI1_IRQHandler                         0x0800011b   Thumb Code     0  startup_stm32f10x_md.o(.text)
    EXTI2_IRQHandler                         0x0800011b   Thumb Code     0  startup_stm32f10x_md.o(.text)
    EXTI3_IRQHandler                         0x0800011b   Thumb Code     0  startup_stm32f10x_md.o(.text)
    EXTI4_IRQHandler                         0x0800011b   Thumb Code     0  startup_stm32f10x_md.o(.text)
    FLASH_IRQHandler                         0x0800011b   Thumb Code     0  startup_stm32f10x_md.o(.text)
    I2C1_ER_IRQHandler                       0x0800011b   Thumb Code     0  startup_stm32f10x_md.o(.text)
    I2C1_EV_IRQHandler                       0x0800011b   Thumb Code     0  startup_stm32f10x_md.o(.text)
    I2C2_ER_IRQHandler                       0x0800011b   Thumb Code     0  startup_stm32f10x_md.o(.text)
    I2C2_EV_IRQHandler                       0x0800011b   Thumb Code     0  startup_stm32f10x_md.o(.text)
    PVD_IRQHandler                           0x0800011b   Thumb Code     0  startup_stm32f10x_md.o(.text)
    RCC_IRQHandler                           0x0800011b   Thumb Code     0  startup_stm32f10x_md.o(.text)
    RTCAlarm_IRQHandler                      0x0800011b   Thumb Code     0  startup_stm32f10x_md.o(.text)
    RTC_IRQHandler                           0x0800011b   Thumb Code     0  startup_stm32f10x_md.o(.text)
    SPI1_IRQHandler                          0x0800011b   Thumb Code     0  startup_stm32f10x_md.o(.text)
    SPI2_IRQHandler                          0x0800011b   Thumb Code     0  startup_stm32f10x_md.o(.text)
    TAMPER_IRQHandler                        0x0800011b   Thumb Code     0  startup_stm32f10x_md.o(.text)
    TIM1_BRK_IRQHandler                      0x0800011b   Thumb Code     0  startup_stm32f10x_md.o(.text)
    TIM1_CC_IRQHandler                       0x0800011b   Thumb Code     0  startup_stm32f10x_md.o(.text)
    TIM1_TRG_COM_IRQHandler                  0x0800011b   Thumb Code     0  startup_stm32f10x_md.o(.text)
    TIM1_UP_IRQHandler                       0x0800011b   Thumb Code     0  startup_stm32f10x_md.o(.text)
    TIM3_IRQHandler                          0x0800011b   Thumb Code     0  startup_stm32f10x_md.o(.text)
    TIM4_IRQHandler                          0x0800011b   Thumb Code     0  startup_stm32f10x_md.o(.text)
    USART1_IRQHandler                        0x0800011b   Thumb Code     0  startup_stm32f10x_md.o(.text)
    USBWakeUp_IRQHandler                     0x0800011b   Thumb Code     0  startup_stm32f10x_md.o(.text)
    USB_HP_CAN1_TX_IRQHandler                0x0800011b   Thumb Code     0  startup_stm32f10x_md.o(.text)
    USB_LP_CAN1_RX0_IRQHandler               0x0800011b   Thumb Code     0  startup_stm32f10x_md.o(.text)
    WWDG_IRQHandler                          0x0800011b   Thumb Code     0  startup_stm32f10x_md.o(.text)
    __aeabi_memset                           0x08000125   Thumb Code    14  memseta.o(.text)
    __aeabi_memset4                          0x08000125   Thumb Code     0  memseta.o(.text)
    __aeabi_memset8                          0x08000125   Thumb Code     0  memseta.o(.text)
    __aeabi_memclr                           0x08000133   Thumb Code     4  memseta.o(.text)
    __aeabi_memclr4                          0x08000133   Thumb Code     0  memseta.o(.text)
    __aeabi_memclr8                          0x08000133   Thumb Code     0  memseta.o(.text)
    _memset$wrapper                          0x08000137   Thumb Code    18  memseta.o(.text)
    __aeabi_dadd                             0x08000149   Thumb Code   322  dadd.o(.text)
    __aeabi_dsub                             0x0800028b   Thumb Code     6  dadd.o(.text)
    __aeabi_drsub                            0x08000291   Thumb Code     6  dadd.o(.text)
    __aeabi_dmul                             0x08000297   Thumb Code   228  dmul.o(.text)
    __aeabi_ddiv                             0x0800037b   Thumb Code   222  ddiv.o(.text)
    __aeabi_i2d                              0x08000459   Thumb Code    34  dflti.o(.text)
    __aeabi_ui2d                             0x0800047b   Thumb Code    26  dfltui.o(.text)
    __aeabi_d2iz                             0x08000495   Thumb Code    62  dfixi.o(.text)
    __aeabi_d2uiz                            0x080004d3   Thumb Code    50  dfixui.o(.text)
    __aeabi_d2f                              0x08000505   Thumb Code    56  d2f.o(.text)
    __aeabi_cfcmpeq                          0x0800053d   Thumb Code     0  cfcmple.o(.text)
    __aeabi_cfcmple                          0x0800053d   Thumb Code    20  cfcmple.o(.text)
    __aeabi_cfrcmple                         0x08000551   Thumb Code    20  cfrcmple.o(.text)
    __aeabi_llsl                             0x08000565   Thumb Code    30  llshl.o(.text)
    _ll_shift_l                              0x08000565   Thumb Code     0  llshl.o(.text)
    __aeabi_llsr                             0x08000583   Thumb Code    32  llushr.o(.text)
    _ll_ushift_r                             0x08000583   Thumb Code     0  llushr.o(.text)
    __aeabi_lasr                             0x080005a3   Thumb Code    36  llsshr.o(.text)
    _ll_sshift_r                             0x080005a3   Thumb Code     0  llsshr.o(.text)
    __I$use$fp                               0x080005c7   Thumb Code     0  iusefp.o(.text)
    _float_round                             0x080005c7   Thumb Code    18  fepilogue.o(.text)
    _float_epilogue                          0x080005d9   Thumb Code    92  fepilogue.o(.text)
    _double_round                            0x08000635   Thumb Code    30  depilogue.o(.text)
    _double_epilogue                         0x08000653   Thumb Code   156  depilogue.o(.text)
    __scatterload                            0x080006f1   Thumb Code    28  init.o(.text)
    __scatterload_rt2                        0x080006f1   Thumb Code     0  init.o(.text)
    BEEP_Config                              0x08000715   Thumb Code    54  beep.o(i.BEEP_Config)
    Blue_Analysis                            0x08000751   Thumb Code   112  blue.o(i.Blue_Analysis)
    Blue_Config                              0x080007cd   Thumb Code   190  blue.o(i.Blue_Config)
    BusFault_Handler                         0x08000895   Thumb Code     4  stm32f10x_it.o(i.BusFault_Handler)
    CAR_Back                                 0x08000899   Thumb Code    70  motor.o(i.CAR_Back)
    CAR_Forward                              0x080008e9   Thumb Code    70  motor.o(i.CAR_Forward)
    CAR_Motor_Config                         0x08000939   Thumb Code   310  motor.o(i.CAR_Motor_Config)
    Car_Left_Big                             0x08000a81   Thumb Code    78  motor.o(i.Car_Left_Big)
    Car_Left_Mid                             0x08000ad9   Thumb Code    70  motor.o(i.Car_Left_Mid)
    Car_Left_Small                           0x08000b29   Thumb Code    70  motor.o(i.Car_Left_Small)
    Car_Right_Big                            0x08000b79   Thumb Code    78  motor.o(i.Car_Right_Big)
    Car_Right_Mid                            0x08000bd1   Thumb Code    70  motor.o(i.Car_Right_Mid)
    Car_Stop                                 0x08000c21   Thumb Code    68  motor.o(i.Car_Stop)
    DebugMon_Handler                         0x08000c6d   Thumb Code     2  stm32f10x_it.o(i.DebugMon_Handler)
    Delay_ms                                 0x08000c6f   Thumb Code   180  delay.o(i.Delay_ms)
    EXTI9_5_IRQHandler                       0x08000d25   Thumb Code    48  sr04.o(i.EXTI9_5_IRQHandler)
    EXTI_ClearITPendingBit                   0x08000d5d   Thumb Code     6  stm32f10x_exti.o(i.EXTI_ClearITPendingBit)
    EXTI_GetITStatus                         0x08000d69   Thumb Code    34  stm32f10x_exti.o(i.EXTI_GetITStatus)
    EXTI_Init                                0x08000d91   Thumb Code   142  stm32f10x_exti.o(i.EXTI_Init)
    GPIO_EXTILineConfig                      0x08000e25   Thumb Code    60  stm32f10x_gpio.o(i.GPIO_EXTILineConfig)
    GPIO_Init                                0x08000e65   Thumb Code   278  stm32f10x_gpio.o(i.GPIO_Init)
    GPIO_PinRemapConfig                      0x08000f7d   Thumb Code   138  stm32f10x_gpio.o(i.GPIO_PinRemapConfig)
    GPIO_ReadInputDataBit                    0x0800100d   Thumb Code    18  stm32f10x_gpio.o(i.GPIO_ReadInputDataBit)
    GPIO_ReadOutputDataBit                   0x0800101f   Thumb Code    18  stm32f10x_gpio.o(i.GPIO_ReadOutputDataBit)
    GPIO_ResetBits                           0x08001031   Thumb Code     4  stm32f10x_gpio.o(i.GPIO_ResetBits)
    GPIO_SetBits                             0x08001035   Thumb Code     4  stm32f10x_gpio.o(i.GPIO_SetBits)
    GPIO_WriteBit                            0x08001039   Thumb Code    10  stm32f10x_gpio.o(i.GPIO_WriteBit)
    GetLength_Sr04                           0x08001045   Thumb Code    72  sr04.o(i.GetLength_Sr04)
    Get_Key_Value                            0x0800109d   Thumb Code    54  key.o(i.Get_Key_Value)
    HardFault_Handler                        0x080010dd   Thumb Code     4  stm32f10x_it.o(i.HardFault_Handler)
    JTAG_SW_Config                           0x080010e1   Thumb Code    20  key.o(i.JTAG_SW_Config)
    KEY_Config                               0x080010f9   Thumb Code    36  key.o(i.KEY_Config)
    Key_Shift                                0x08001121   Thumb Code    56  main.o(i.Key_Shift)
    LCD_Address_Set                          0x0800116d   Thumb Code    66  lcd.o(i.LCD_Address_Set)
    LCD_DrawPoint                            0x080011af   Thumb Code    28  lcd.o(i.LCD_DrawPoint)
    LCD_Fill                                 0x080011cb   Thumb Code    70  lcd.o(i.LCD_Fill)
    LCD_Init                                 0x08001211   Thumb Code   504  lcd.o(i.LCD_Init)
    LCD_ShowChar                             0x08001411   Thumb Code   282  lcd.o(i.LCD_ShowChar)
    LCD_ShowChinese                          0x08001535   Thumb Code    88  lcd.o(i.LCD_ShowChinese)
    LCD_ShowChinese12x12                     0x0800158d   Thumb Code   322  lcd.o(i.LCD_ShowChinese12x12)
    LCD_ShowChinese16x16                     0x080016d5   Thumb Code   306  lcd.o(i.LCD_ShowChinese16x16)
    LCD_ShowPicture                          0x0800180d   Thumb Code    90  lcd.o(i.LCD_ShowPicture)
    LCD_ShowString                           0x08001867   Thumb Code    66  lcd.o(i.LCD_ShowString)
    LCD_WR_DATA                              0x080018a9   Thumb Code    18  lcd.o(i.LCD_WR_DATA)
    LCD_WR_DATA8                             0x080018bb   Thumb Code    12  lcd.o(i.LCD_WR_DATA8)
    LCD_WR_REG                               0x080018c9   Thumb Code    32  lcd.o(i.LCD_WR_REG)
    LCD_Writ_Bus                             0x080018ed   Thumb Code    28  lcd.o(i.LCD_Writ_Bus)
    LED_Config                               0x0800190d   Thumb Code    42  led.o(i.LED_Config)
    MemManage_Handler                        0x0800193d   Thumb Code     4  stm32f10x_it.o(i.MemManage_Handler)
    NMI_Handler                              0x08001941   Thumb Code     2  stm32f10x_it.o(i.NMI_Handler)
    NVIC_Init                                0x08001945   Thumb Code   100  misc.o(i.NVIC_Init)
    PendSV_Handler                           0x080019b5   Thumb Code     2  stm32f10x_it.o(i.PendSV_Handler)
    RCC_APB1PeriphClockCmd                   0x080019b9   Thumb Code    26  stm32f10x_rcc.o(i.RCC_APB1PeriphClockCmd)
    RCC_APB2PeriphClockCmd                   0x080019d9   Thumb Code    26  stm32f10x_rcc.o(i.RCC_APB2PeriphClockCmd)
    RCC_GetClocksFreq                        0x080019f9   Thumb Code   192  stm32f10x_rcc.o(i.RCC_GetClocksFreq)
    SPI2_Init                                0x08001acd   Thumb Code   212  spi.o(i.SPI2_Init)
    SPI2_ReadWriteByte                       0x08001bad   Thumb Code    78  spi.o(i.SPI2_ReadWriteByte)
    SPI_Cmd                                  0x08001c01   Thumb Code    24  stm32f10x_spi.o(i.SPI_Cmd)
    SPI_I2S_GetFlagStatus                    0x08001c19   Thumb Code    18  stm32f10x_spi.o(i.SPI_I2S_GetFlagStatus)
    SPI_I2S_ReceiveData                      0x08001c2b   Thumb Code     6  stm32f10x_spi.o(i.SPI_I2S_ReceiveData)
    SPI_I2S_SendData                         0x08001c31   Thumb Code     4  stm32f10x_spi.o(i.SPI_I2S_SendData)
    SPI_Init                                 0x08001c35   Thumb Code    60  stm32f10x_spi.o(i.SPI_Init)
    SVC_Handler                              0x08001c71   Thumb Code     2  stm32f10x_it.o(i.SVC_Handler)
    Show_TeamName                            0x08001d5d   Thumb Code   230  main.o(i.Show_TeamName)
    Sr04_Config                              0x08001e75   Thumb Code   140  sr04.o(i.Sr04_Config)
    Sr04_CountInc                            0x08001f09   Thumb Code    20  sr04.o(i.Sr04_CountInc)
    Sr04_GetLength                           0x08001f21   Thumb Code    70  sr04.o(i.Sr04_GetLength)
    Sr04_Init                                0x08001f79   Thumb Code    12  sr04.o(i.Sr04_Init)
    Sr04_SendTTL                             0x08001f85   Thumb Code   104  sr04.o(i.Sr04_SendTTL)
    Steer_Control                            0x08001ff5   Thumb Code   174  sg90.o(i.Steer_Control)
    Steer_Init                               0x080020b1   Thumb Code    38  sg90.o(i.Steer_Init)
    Steer_SetAngle                           0x080020e1   Thumb Code   140  sg90.o(i.Steer_SetAngle)
    SysTick_Handler                          0x08002185   Thumb Code    40  delay.o(i.SysTick_Handler)
    SystemInit                               0x080021bd   Thumb Code    78  system_stm32f10x.o(i.SystemInit)
    Systick_Init                             0x0800221d   Thumb Code    84  delay.o(i.Systick_Init)
    TIM2_IRQHandler                          0x08002279   Thumb Code    32  sr04.o(i.TIM2_IRQHandler)
    TIM_ARRPreloadConfig                     0x08002299   Thumb Code    24  stm32f10x_tim.o(i.TIM_ARRPreloadConfig)
    TIM_ClearFlag                            0x080022b1   Thumb Code     6  stm32f10x_tim.o(i.TIM_ClearFlag)
    TIM_Cmd                                  0x080022b7   Thumb Code    24  stm32f10x_tim.o(i.TIM_Cmd)
    TIM_CtrlPWMOutputs                       0x080022cf   Thumb Code    30  stm32f10x_tim.o(i.TIM_CtrlPWMOutputs)
    TIM_GetITStatus                          0x080022ed   Thumb Code    34  stm32f10x_tim.o(i.TIM_GetITStatus)
    TIM_ITConfig                             0x0800230f   Thumb Code    18  stm32f10x_tim.o(i.TIM_ITConfig)
    TIM_OC1Init                              0x08002321   Thumb Code   132  stm32f10x_tim.o(i.TIM_OC1Init)
    TIM_OC1PreloadConfig                     0x080023b9   Thumb Code    18  stm32f10x_tim.o(i.TIM_OC1PreloadConfig)
    TIM_OC2Init                              0x080023cd   Thumb Code   154  stm32f10x_tim.o(i.TIM_OC2Init)
    TIM_OC2PreloadConfig                     0x08002471   Thumb Code    26  stm32f10x_tim.o(i.TIM_OC2PreloadConfig)
    TIM_OC3Init                              0x0800248d   Thumb Code   150  stm32f10x_tim.o(i.TIM_OC3Init)
    TIM_OC3PreloadConfig                     0x0800252d   Thumb Code    18  stm32f10x_tim.o(i.TIM_OC3PreloadConfig)
    TIM_OC4Init                              0x08002541   Thumb Code   114  stm32f10x_tim.o(i.TIM_OC4Init)
    TIM_OC4PreloadConfig                     0x080025bd   Thumb Code    26  stm32f10x_tim.o(i.TIM_OC4PreloadConfig)
    TIM_SetCompare1                          0x080025d7   Thumb Code     4  stm32f10x_tim.o(i.TIM_SetCompare1)
    TIM_SetCompare2                          0x080025db   Thumb Code     4  stm32f10x_tim.o(i.TIM_SetCompare2)
    TIM_SetCompare3                          0x080025df   Thumb Code     4  stm32f10x_tim.o(i.TIM_SetCompare3)
    TIM_SetCompare4                          0x080025e3   Thumb Code     6  stm32f10x_tim.o(i.TIM_SetCompare4)
    TIM_TimeBaseInit                         0x080025e9   Thumb Code   122  stm32f10x_tim.o(i.TIM_TimeBaseInit)
    TRACK_Config                             0x0800268d   Thumb Code    38  track.o(i.TRACK_Config)
    Tim1Sr04_Config                          0x080026b9   Thumb Code   104  sr04.o(i.Tim1Sr04_Config)
    Tim1_SteerInit                           0x08002721   Thumb Code   350  sg90.o(i.Tim1_SteerInit)
    Track_Find_Line                          0x080028a9   Thumb Code   350  track.o(i.Track_Find_Line)
    USART2_IRQHandler                        0x08002a15   Thumb Code    90  blue.o(i.USART2_IRQHandler)
    USART3_IRQHandler                        0x08002a85   Thumb Code    92  wifi.o(i.USART3_IRQHandler)
    USART_ClearITPendingBit                  0x08002aed   Thumb Code    30  stm32f10x_usart.o(i.USART_ClearITPendingBit)
    USART_Cmd                                0x08002b0b   Thumb Code    24  stm32f10x_usart.o(i.USART_Cmd)
    USART_Config                             0x08002b25   Thumb Code   130  usart1.o(i.USART_Config)
    USART_GetFlagStatus                      0x08002bb1   Thumb Code    26  stm32f10x_usart.o(i.USART_GetFlagStatus)
    USART_GetITStatus                        0x08002bcb   Thumb Code    84  stm32f10x_usart.o(i.USART_GetITStatus)
    USART_ITConfig                           0x08002c1f   Thumb Code    74  stm32f10x_usart.o(i.USART_ITConfig)
    USART_Init                               0x08002c69   Thumb Code   210  stm32f10x_usart.o(i.USART_Init)
    USART_ReceiveData                        0x08002d41   Thumb Code    10  stm32f10x_usart.o(i.USART_ReceiveData)
    UsageFault_Handler                       0x08002d4b   Thumb Code     4  stm32f10x_it.o(i.UsageFault_Handler)
    WIFI_Analysis                            0x08002d51   Thumb Code   262  wifi.o(i.WIFI_Analysis)
    WIFI_Config                              0x08002e61   Thumb Code   188  wifi.o(i.WIFI_Config)
    __scatterload_copy                       0x08002f25   Thumb Code    14  handlers.o(i.__scatterload_copy)
    __scatterload_null                       0x08002f33   Thumb Code     2  handlers.o(i.__scatterload_null)
    __scatterload_zeroinit                   0x08002f35   Thumb Code    14  handlers.o(i.__scatterload_zeroinit)
    main                                     0x08002f45   Thumb Code   248  main.o(i.main)
    sss                                      0x080030a9   Thumb Code    72  main.o(i.sss)
    ascii_1206                               0x080030f4   Data        1140  lcd.o(.constdata)
    ascii_1608                               0x08003568   Data        1520  lcd.o(.constdata)
    tfont12                                  0x08003b58   Data         858  lcd.o(.constdata)
    tfont16                                  0x08003eb2   Data         952  lcd.o(.constdata)
    gImage_lanya                             0x0800426a   Data        7200  lanya.o(.constdata)
    gImage_bizhang                           0x08005e8a   Data        7200  biz.o(.constdata)
    gImage_xunji                             0x08007aaa   Data        7200  xj.o(.constdata)
    gImage_wifi                              0x080096ca   Data        7200  wifitu.o(.constdata)
    gImage_gensui                            0x0800b2ea   Data        7200  gensui.o(.constdata)
    Region$$Table$$Base                      0x0800cf0c   Number         0  anon$$obj.o(Region$$Table)
    Region$$Table$$Limit                     0x0800cf2c   Number         0  anon$$obj.o(Region$$Table)
    key_num                                  0x20000002   Data           2  delay.o(.data)
    beep_flag                                0x20000004   Data           2  delay.o(.data)
    beep_num                                 0x20000006   Data           2  delay.o(.data)
    sg90_num                                 0x20000008   Data           2  delay.o(.data)
    Receive_Count                            0x2000000c   Data           1  blue.o(.data)
    Blue_Flag                                0x2000000d   Data           1  blue.o(.data)
    Length                                   0x20000010   Data           4  sr04.o(.data)
    steer1Angle                              0x20000014   Data           4  sg90.o(.data)
    steer2Angle                              0x20000018   Data           4  sg90.o(.data)
    SteerDir                                 0x2000001c   Data           1  sg90.o(.data)
    Receive_Buff                             0x20000034   Data          20  blue.o(.bss)
    Buf                                      0x20000048   Data          20  sr04.o(.bss)
    sr04                                     0x2000005c   Data          16  sr04.o(.bss)
    wifi                                     0x2000006c   Data         259  wifi.o(.bss)
    __initial_sp                             0x20000570   Data           0  startup_stm32f10x_md.o(STACK)



==============================================================================

Memory Map of the image

  Image Entry point : 0x080000ed

  Load Region LR_IROM1 (Base: 0x08000000, Size: 0x0000cf60, Max: 0x00010000, ABSOLUTE)

    Execution Region ER_IROM1 (Exec base: 0x08000000, Load base: 0x08000000, Size: 0x0000cf2c, Max: 0x00010000, ABSOLUTE)

    Exec Addr    Load Addr    Size         Type   Attr      Idx    E Section Name        Object

    0x08000000   0x08000000   0x000000ec   Data   RO            3    RESET               startup_stm32f10x_md.o
    0x080000ec   0x080000ec   0x00000000   Code   RO         4304  * .ARM.Collect$$$$00000000  mc_w.l(entry.o)
    0x080000ec   0x080000ec   0x00000004   Code   RO         4590    .ARM.Collect$$$$00000001  mc_w.l(entry2.o)
    0x080000f0   0x080000f0   0x00000004   Code   RO         4593    .ARM.Collect$$$$00000004  mc_w.l(entry5.o)
    0x080000f4   0x080000f4   0x00000000   Code   RO         4595    .ARM.Collect$$$$00000008  mc_w.l(entry7b.o)
    0x080000f4   0x080000f4   0x00000000   Code   RO         4597    .ARM.Collect$$$$0000000A  mc_w.l(entry8b.o)
    0x080000f4   0x080000f4   0x00000008   Code   RO         4598    .ARM.Collect$$$$0000000B  mc_w.l(entry9a.o)
    0x080000fc   0x080000fc   0x00000000   Code   RO         4600    .ARM.Collect$$$$0000000D  mc_w.l(entry10a.o)
    0x080000fc   0x080000fc   0x00000000   Code   RO         4602    .ARM.Collect$$$$0000000F  mc_w.l(entry11a.o)
    0x080000fc   0x080000fc   0x00000004   Code   RO         4591    .ARM.Collect$$$$00002712  mc_w.l(entry2.o)
    0x08000100   0x08000100   0x00000024   Code   RO            4    .text               startup_stm32f10x_md.o
    0x08000124   0x08000124   0x00000024   Code   RO         4307    .text               mc_w.l(memseta.o)
    0x08000148   0x08000148   0x0000014e   Code   RO         4570    .text               mf_w.l(dadd.o)
    0x08000296   0x08000296   0x000000e4   Code   RO         4572    .text               mf_w.l(dmul.o)
    0x0800037a   0x0800037a   0x000000de   Code   RO         4574    .text               mf_w.l(ddiv.o)
    0x08000458   0x08000458   0x00000022   Code   RO         4576    .text               mf_w.l(dflti.o)
    0x0800047a   0x0800047a   0x0000001a   Code   RO         4578    .text               mf_w.l(dfltui.o)
    0x08000494   0x08000494   0x0000003e   Code   RO         4580    .text               mf_w.l(dfixi.o)
    0x080004d2   0x080004d2   0x00000032   Code   RO         4582    .text               mf_w.l(dfixui.o)
    0x08000504   0x08000504   0x00000038   Code   RO         4584    .text               mf_w.l(d2f.o)
    0x0800053c   0x0800053c   0x00000014   Code   RO         4586    .text               mf_w.l(cfcmple.o)
    0x08000550   0x08000550   0x00000014   Code   RO         4588    .text               mf_w.l(cfrcmple.o)
    0x08000564   0x08000564   0x0000001e   Code   RO         4609    .text               mc_w.l(llshl.o)
    0x08000582   0x08000582   0x00000020   Code   RO         4611    .text               mc_w.l(llushr.o)
    0x080005a2   0x080005a2   0x00000024   Code   RO         4613    .text               mc_w.l(llsshr.o)
    0x080005c6   0x080005c6   0x00000000   Code   RO         4615    .text               mc_w.l(iusefp.o)
    0x080005c6   0x080005c6   0x0000006e   Code   RO         4616    .text               mf_w.l(fepilogue.o)
    0x08000634   0x08000634   0x000000ba   Code   RO         4618    .text               mf_w.l(depilogue.o)
    0x080006ee   0x080006ee   0x00000002   PAD
    0x080006f0   0x080006f0   0x00000024   Code   RO         4624    .text               mc_w.l(init.o)
    0x08000714   0x08000714   0x0000003c   Code   RO          385    i.BEEP_Config       beep.o
    0x08000750   0x08000750   0x0000007c   Code   RO          489    i.Blue_Analysis     blue.o
    0x080007cc   0x080007cc   0x000000c8   Code   RO          490    i.Blue_Config       blue.o
    0x08000894   0x08000894   0x00000004   Code   RO          194    i.BusFault_Handler  stm32f10x_it.o
    0x08000898   0x08000898   0x00000050   Code   RO          734    i.CAR_Back          motor.o
    0x080008e8   0x080008e8   0x00000050   Code   RO          735    i.CAR_Forward       motor.o
    0x08000938   0x08000938   0x00000148   Code   RO          736    i.CAR_Motor_Config  motor.o
    0x08000a80   0x08000a80   0x00000058   Code   RO          737    i.Car_Left_Big      motor.o
    0x08000ad8   0x08000ad8   0x00000050   Code   RO          738    i.Car_Left_Mid      motor.o
    0x08000b28   0x08000b28   0x00000050   Code   RO          739    i.Car_Left_Small    motor.o
    0x08000b78   0x08000b78   0x00000058   Code   RO          740    i.Car_Right_Big     motor.o
    0x08000bd0   0x08000bd0   0x00000050   Code   RO          741    i.Car_Right_Mid     motor.o
    0x08000c20   0x08000c20   0x0000004c   Code   RO          743    i.Car_Stop          motor.o
    0x08000c6c   0x08000c6c   0x00000002   Code   RO          195    i.DebugMon_Handler  stm32f10x_it.o
    0x08000c6e   0x08000c6e   0x000000b4   Code   RO          309    i.Delay_ms          delay.o
    0x08000d22   0x08000d22   0x00000002   PAD
    0x08000d24   0x08000d24   0x00000038   Code   RO          819    i.EXTI9_5_IRQHandler  sr04.o
    0x08000d5c   0x08000d5c   0x0000000c   Code   RO         1970    i.EXTI_ClearITPendingBit  stm32f10x_exti.o
    0x08000d68   0x08000d68   0x00000028   Code   RO         1974    i.EXTI_GetITStatus  stm32f10x_exti.o
    0x08000d90   0x08000d90   0x00000094   Code   RO         1975    i.EXTI_Init         stm32f10x_exti.o
    0x08000e24   0x08000e24   0x00000040   Code   RO         2356    i.GPIO_EXTILineConfig  stm32f10x_gpio.o
    0x08000e64   0x08000e64   0x00000116   Code   RO         2359    i.GPIO_Init         stm32f10x_gpio.o
    0x08000f7a   0x08000f7a   0x00000002   PAD
    0x08000f7c   0x08000f7c   0x00000090   Code   RO         2361    i.GPIO_PinRemapConfig  stm32f10x_gpio.o
    0x0800100c   0x0800100c   0x00000012   Code   RO         2363    i.GPIO_ReadInputDataBit  stm32f10x_gpio.o
    0x0800101e   0x0800101e   0x00000012   Code   RO         2365    i.GPIO_ReadOutputDataBit  stm32f10x_gpio.o
    0x08001030   0x08001030   0x00000004   Code   RO         2366    i.GPIO_ResetBits    stm32f10x_gpio.o
    0x08001034   0x08001034   0x00000004   Code   RO         2367    i.GPIO_SetBits      stm32f10x_gpio.o
    0x08001038   0x08001038   0x0000000a   Code   RO         2370    i.GPIO_WriteBit     stm32f10x_gpio.o
    0x08001042   0x08001042   0x00000002   PAD
    0x08001044   0x08001044   0x00000058   Code   RO          820    i.GetLength_Sr04    sr04.o
    0x0800109c   0x0800109c   0x00000040   Code   RO          409    i.Get_Key_Value     key.o
    0x080010dc   0x080010dc   0x00000004   Code   RO          196    i.HardFault_Handler  stm32f10x_it.o
    0x080010e0   0x080010e0   0x00000018   Code   RO          410    i.JTAG_SW_Config    key.o
    0x080010f8   0x080010f8   0x00000028   Code   RO          411    i.KEY_Config        key.o
    0x08001120   0x08001120   0x0000004c   Code   RO           13    i.Key_Shift         main.o
    0x0800116c   0x0800116c   0x00000042   Code   RO          556    i.LCD_Address_Set   lcd.o
    0x080011ae   0x080011ae   0x0000001c   Code   RO          558    i.LCD_DrawPoint     lcd.o
    0x080011ca   0x080011ca   0x00000046   Code   RO          560    i.LCD_Fill          lcd.o
    0x08001210   0x08001210   0x00000200   Code   RO          561    i.LCD_Init          lcd.o
    0x08001410   0x08001410   0x00000124   Code   RO          562    i.LCD_ShowChar      lcd.o
    0x08001534   0x08001534   0x00000058   Code   RO          563    i.LCD_ShowChinese   lcd.o
    0x0800158c   0x0800158c   0x00000148   Code   RO          564    i.LCD_ShowChinese12x12  lcd.o
    0x080016d4   0x080016d4   0x00000138   Code   RO          565    i.LCD_ShowChinese16x16  lcd.o
    0x0800180c   0x0800180c   0x0000005a   Code   RO          566    i.LCD_ShowPicture   lcd.o
    0x08001866   0x08001866   0x00000042   Code   RO          567    i.LCD_ShowString    lcd.o
    0x080018a8   0x080018a8   0x00000012   Code   RO          568    i.LCD_WR_DATA       lcd.o
    0x080018ba   0x080018ba   0x0000000c   Code   RO          569    i.LCD_WR_DATA8      lcd.o
    0x080018c6   0x080018c6   0x00000002   PAD
    0x080018c8   0x080018c8   0x00000024   Code   RO          570    i.LCD_WR_REG        lcd.o
    0x080018ec   0x080018ec   0x00000020   Code   RO          571    i.LCD_Writ_Bus      lcd.o
    0x0800190c   0x0800190c   0x00000030   Code   RO          361    i.LED_Config        led.o
    0x0800193c   0x0800193c   0x00000004   Code   RO          197    i.MemManage_Handler  stm32f10x_it.o
    0x08001940   0x08001940   0x00000002   Code   RO          198    i.NMI_Handler       stm32f10x_it.o
    0x08001942   0x08001942   0x00000002   PAD
    0x08001944   0x08001944   0x00000070   Code   RO         1064    i.NVIC_Init         misc.o
    0x080019b4   0x080019b4   0x00000002   Code   RO          199    i.PendSV_Handler    stm32f10x_it.o
    0x080019b6   0x080019b6   0x00000002   PAD
    0x080019b8   0x080019b8   0x00000020   Code   RO         2823    i.RCC_APB1PeriphClockCmd  stm32f10x_rcc.o
    0x080019d8   0x080019d8   0x00000020   Code   RO         2825    i.RCC_APB2PeriphClockCmd  stm32f10x_rcc.o
    0x080019f8   0x080019f8   0x000000d4   Code   RO         2833    i.RCC_GetClocksFreq  stm32f10x_rcc.o
    0x08001acc   0x08001acc   0x000000e0   Code   RO          688    i.SPI2_Init         spi.o
    0x08001bac   0x08001bac   0x00000054   Code   RO          689    i.SPI2_ReadWriteByte  spi.o
    0x08001c00   0x08001c00   0x00000018   Code   RO         3338    i.SPI_Cmd           stm32f10x_spi.o
    0x08001c18   0x08001c18   0x00000012   Code   RO         3346    i.SPI_I2S_GetFlagStatus  stm32f10x_spi.o
    0x08001c2a   0x08001c2a   0x00000006   Code   RO         3349    i.SPI_I2S_ReceiveData  stm32f10x_spi.o
    0x08001c30   0x08001c30   0x00000004   Code   RO         3350    i.SPI_I2S_SendData  stm32f10x_spi.o
    0x08001c34   0x08001c34   0x0000003c   Code   RO         3351    i.SPI_Init          stm32f10x_spi.o
    0x08001c70   0x08001c70   0x00000002   Code   RO          200    i.SVC_Handler       stm32f10x_it.o
    0x08001c72   0x08001c72   0x00000008   Code   RO          263    i.SetSysClock       system_stm32f10x.o
    0x08001c7a   0x08001c7a   0x00000002   PAD
    0x08001c7c   0x08001c7c   0x000000e0   Code   RO          264    i.SetSysClockTo72   system_stm32f10x.o
    0x08001d5c   0x08001d5c   0x00000118   Code   RO           14    i.Show_TeamName     main.o
    0x08001e74   0x08001e74   0x00000094   Code   RO          821    i.Sr04_Config       sr04.o
    0x08001f08   0x08001f08   0x00000018   Code   RO          822    i.Sr04_CountInc     sr04.o
    0x08001f20   0x08001f20   0x00000058   Code   RO          823    i.Sr04_GetLength    sr04.o
    0x08001f78   0x08001f78   0x0000000c   Code   RO          824    i.Sr04_Init         sr04.o
    0x08001f84   0x08001f84   0x00000070   Code   RO          825    i.Sr04_SendTTL      sr04.o
    0x08001ff4   0x08001ff4   0x000000bc   Code   RO          946    i.Steer_Control     sg90.o
    0x080020b0   0x080020b0   0x00000030   Code   RO          947    i.Steer_Init        sg90.o
    0x080020e0   0x080020e0   0x000000a4   Code   RO          948    i.Steer_SetAngle    sg90.o
    0x08002184   0x08002184   0x00000038   Code   RO          311    i.SysTick_Handler   delay.o
    0x080021bc   0x080021bc   0x00000060   Code   RO          266    i.SystemInit        system_stm32f10x.o
    0x0800221c   0x0800221c   0x0000005c   Code   RO          312    i.Systick_Init      delay.o
    0x08002278   0x08002278   0x00000020   Code   RO          826    i.TIM2_IRQHandler   sr04.o
    0x08002298   0x08002298   0x00000018   Code   RO         3493    i.TIM_ARRPreloadConfig  stm32f10x_tim.o
    0x080022b0   0x080022b0   0x00000006   Code   RO         3499    i.TIM_ClearFlag     stm32f10x_tim.o
    0x080022b6   0x080022b6   0x00000018   Code   RO         3505    i.TIM_Cmd           stm32f10x_tim.o
    0x080022ce   0x080022ce   0x0000001e   Code   RO         3507    i.TIM_CtrlPWMOutputs  stm32f10x_tim.o
    0x080022ec   0x080022ec   0x00000022   Code   RO         3526    i.TIM_GetITStatus   stm32f10x_tim.o
    0x0800230e   0x0800230e   0x00000012   Code   RO         3530    i.TIM_ITConfig      stm32f10x_tim.o
    0x08002320   0x08002320   0x00000098   Code   RO         3534    i.TIM_OC1Init       stm32f10x_tim.o
    0x080023b8   0x080023b8   0x00000012   Code   RO         3537    i.TIM_OC1PreloadConfig  stm32f10x_tim.o
    0x080023ca   0x080023ca   0x00000002   PAD
    0x080023cc   0x080023cc   0x000000a4   Code   RO         3539    i.TIM_OC2Init       stm32f10x_tim.o
    0x08002470   0x08002470   0x0000001a   Code   RO         3542    i.TIM_OC2PreloadConfig  stm32f10x_tim.o
    0x0800248a   0x0800248a   0x00000002   PAD
    0x0800248c   0x0800248c   0x000000a0   Code   RO         3544    i.TIM_OC3Init       stm32f10x_tim.o
    0x0800252c   0x0800252c   0x00000012   Code   RO         3547    i.TIM_OC3PreloadConfig  stm32f10x_tim.o
    0x0800253e   0x0800253e   0x00000002   PAD
    0x08002540   0x08002540   0x0000007c   Code   RO         3549    i.TIM_OC4Init       stm32f10x_tim.o
    0x080025bc   0x080025bc   0x0000001a   Code   RO         3551    i.TIM_OC4PreloadConfig  stm32f10x_tim.o
    0x080025d6   0x080025d6   0x00000004   Code   RO         3566    i.TIM_SetCompare1   stm32f10x_tim.o
    0x080025da   0x080025da   0x00000004   Code   RO         3567    i.TIM_SetCompare2   stm32f10x_tim.o
    0x080025de   0x080025de   0x00000004   Code   RO         3568    i.TIM_SetCompare3   stm32f10x_tim.o
    0x080025e2   0x080025e2   0x00000006   Code   RO         3569    i.TIM_SetCompare4   stm32f10x_tim.o
    0x080025e8   0x080025e8   0x000000a4   Code   RO         3576    i.TIM_TimeBaseInit  stm32f10x_tim.o
    0x0800268c   0x0800268c   0x0000002c   Code   RO          902    i.TRACK_Config      track.o
    0x080026b8   0x080026b8   0x00000068   Code   RO          827    i.Tim1Sr04_Config   sr04.o
    0x08002720   0x08002720   0x00000188   Code   RO          950    i.Tim1_SteerInit    sg90.o
    0x080028a8   0x080028a8   0x0000016c   Code   RO          903    i.Track_Find_Line   track.o
    0x08002a14   0x08002a14   0x00000070   Code   RO          491    i.USART2_IRQHandler  blue.o
    0x08002a84   0x08002a84   0x00000068   Code   RO         1004    i.USART3_IRQHandler  wifi.o
    0x08002aec   0x08002aec   0x0000001e   Code   RO         4050    i.USART_ClearITPendingBit  stm32f10x_usart.o
    0x08002b0a   0x08002b0a   0x00000018   Code   RO         4053    i.USART_Cmd         stm32f10x_usart.o
    0x08002b22   0x08002b22   0x00000002   PAD
    0x08002b24   0x08002b24   0x0000008c   Code   RO          446    i.USART_Config      usart1.o
    0x08002bb0   0x08002bb0   0x0000001a   Code   RO         4056    i.USART_GetFlagStatus  stm32f10x_usart.o
    0x08002bca   0x08002bca   0x00000054   Code   RO         4057    i.USART_GetITStatus  stm32f10x_usart.o
    0x08002c1e   0x08002c1e   0x0000004a   Code   RO         4059    i.USART_ITConfig    stm32f10x_usart.o
    0x08002c68   0x08002c68   0x000000d8   Code   RO         4060    i.USART_Init        stm32f10x_usart.o
    0x08002d40   0x08002d40   0x0000000a   Code   RO         4067    i.USART_ReceiveData  stm32f10x_usart.o
    0x08002d4a   0x08002d4a   0x00000004   Code   RO          201    i.UsageFault_Handler  stm32f10x_it.o
    0x08002d4e   0x08002d4e   0x00000002   PAD
    0x08002d50   0x08002d50   0x00000110   Code   RO         1005    i.WIFI_Analysis     wifi.o
    0x08002e60   0x08002e60   0x000000c4   Code   RO         1006    i.WIFI_Config       wifi.o
    0x08002f24   0x08002f24   0x0000000e   Code   RO         4628    i.__scatterload_copy  mc_w.l(handlers.o)
    0x08002f32   0x08002f32   0x00000002   Code   RO         4629    i.__scatterload_null  mc_w.l(handlers.o)
    0x08002f34   0x08002f34   0x0000000e   Code   RO         4630    i.__scatterload_zeroinit  mc_w.l(handlers.o)
    0x08002f42   0x08002f42   0x00000002   PAD
    0x08002f44   0x08002f44   0x00000164   Code   RO           15    i.main              main.o
    0x080030a8   0x080030a8   0x0000004c   Code   RO           16    i.sss               main.o
    0x080030f4   0x080030f4   0x00001176   Data   RO          572    .constdata          lcd.o
    0x0800426a   0x0800426a   0x00001c20   Data   RO          724    .constdata          lanya.o
    0x08005e8a   0x08005e8a   0x00001c20   Data   RO          929    .constdata          biz.o
    0x08007aaa   0x08007aaa   0x00001c20   Data   RO          936    .constdata          xj.o
    0x080096ca   0x080096ca   0x00001c20   Data   RO         1047    .constdata          wifitu.o
    0x0800b2ea   0x0800b2ea   0x00001c20   Data   RO         1054    .constdata          gensui.o
    0x0800cf0a   0x0800cf0a   0x00000002   PAD
    0x0800cf0c   0x0800cf0c   0x00000020   Data   RO         4626    Region$$Table       anon$$obj.o


    Execution Region RW_IRAM1 (Exec base: 0x20000000, Load base: 0x0800cf2c, Size: 0x00000570, Max: 0x00005000, ABSOLUTE)

    Exec Addr    Load Addr    Size         Type   Attr      Idx    E Section Name        Object

    0x20000000   0x0800cf2c   0x00000002   Data   RW           17    .data               main.o
    0x20000002   0x0800cf2e   0x00000008   Data   RW          313    .data               delay.o
    0x2000000a   0x0800cf36   0x00000002   Data   RW          412    .data               key.o
    0x2000000c   0x0800cf38   0x00000002   Data   RW          495    .data               blue.o
    0x2000000e   0x0800cf3a   0x00000002   PAD
    0x20000010   0x0800cf3c   0x00000004   Data   RW          829    .data               sr04.o
    0x20000014   0x0800cf40   0x00000009   Data   RW          951    .data               sg90.o
    0x2000001d   0x0800cf49   0x00000014   Data   RW         2853    .data               stm32f10x_rcc.o
    0x20000031   0x0800cf5d   0x00000003   PAD
    0x20000034        -       0x00000014   Zero   RW          494    .bss                blue.o
    0x20000048        -       0x00000024   Zero   RW          828    .bss                sr04.o
    0x2000006c        -       0x00000103   Zero   RW         1007    .bss                wifi.o
    0x2000016f   0x0800cf5d   0x00000001   PAD
    0x20000170        -       0x00000400   Zero   RW            1    STACK               startup_stm32f10x_md.o


==============================================================================

Image component sizes


      Code (inc. data)   RO Data    RW Data    ZI Data      Debug   Object Name

        60          6          0          0          0        462   beep.o
         0          0       7200          0          0        385   biz.o
       436         50          0          2         20       2305   blue.o
       328         24          0          8          0      26841   delay.o
         0          0       7200          0          0        384   gensui.o
       128         18          0          2          0       1382   key.o
         0          0       7200          0          0        383   lanya.o
      1950         38       4470          0          0      10983   lcd.o
        48          6          0          0          0        453   led.o
       788        188          0          2          0     263424   main.o
       112         12          0          0          0       1020   misc.o
       980         96          0          0          0       4590   motor.o
       792        100          0          9          0      27729   sg90.o
       308         18          0          0          0       1221   spi.o
       664         62          0          4         36       5637   sr04.o
        36          8        236          0       1024        808   startup_stm32f10x_md.o
       200         18          0          0          0       2096   stm32f10x_exti.o
       540         10          0          0          0       6265   stm32f10x_gpio.o
        24          0          0          0          0       3204   stm32f10x_it.o
       276         32          0         20          0       4406   stm32f10x_rcc.o
       112          0          0          0          0       3802   stm32f10x_spi.o
      1006         92          0          0          0      11890   stm32f10x_tim.o
       464          6          0          0          0       6214   stm32f10x_usart.o
       328         28          0          0          0       1753   system_stm32f10x.o
       408         20          0          0          0       1017   track.o
       140         10          0          0          0        631   usart1.o
       572         42          0          0        259       2385   wifi.o
         0          0       7200          0          0        382   wifitu.o
         0          0       7200          0          0        375   xj.o

    ----------------------------------------------------------------------
     10724        884      40740         52       1340     392427   Object Totals
         0          0         32          0          0          0   (incl. Generated)
        24          0          2          5          1          0   (incl. Padding)

    ----------------------------------------------------------------------

      Code (inc. data)   RO Data    RW Data    ZI Data      Debug   Library Member Name

         0          0          0          0          0          0   entry.o
         0          0          0          0          0          0   entry10a.o
         0          0          0          0          0          0   entry11a.o
         8          4          0          0          0          0   entry2.o
         4          0          0          0          0          0   entry5.o
         0          0          0          0          0          0   entry7b.o
         0          0          0          0          0          0   entry8b.o
         8          4          0          0          0          0   entry9a.o
        30          0          0          0          0          0   handlers.o
        36          8          0          0          0         68   init.o
         0          0          0          0          0          0   iusefp.o
        30          0          0          0          0         68   llshl.o
        36          0          0          0          0         68   llsshr.o
        32          0          0          0          0         68   llushr.o
        36          0          0          0          0        108   memseta.o
        20          0          0          0          0         68   cfcmple.o
        20          0          0          0          0         68   cfrcmple.o
        56          0          0          0          0         88   d2f.o
       334          0          0          0          0        148   dadd.o
       222          0          0          0          0        100   ddiv.o
       186          0          0          0          0        176   depilogue.o
        62          0          0          0          0         80   dfixi.o
        50          0          0          0          0         76   dfixui.o
        34          0          0          0          0         76   dflti.o
        26          0          0          0          0         76   dfltui.o
       228          0          0          0          0         96   dmul.o
       110          0          0          0          0        168   fepilogue.o

    ----------------------------------------------------------------------
      1572         16          0          0          0       1600   Library Totals
         4          0          0          0          0          0   (incl. Padding)

    ----------------------------------------------------------------------

      Code (inc. data)   RO Data    RW Data    ZI Data      Debug   Library Name

       220         16          0          0          0        380   mc_w.l
      1348          0          0          0          0       1220   mf_w.l

    ----------------------------------------------------------------------
      1572         16          0          0          0       1600   Library Totals

    ----------------------------------------------------------------------

==============================================================================


      Code (inc. data)   RO Data    RW Data    ZI Data      Debug   

     12296        900      40740         52       1340     387523   Grand Totals
     12296        900      40740         52       1340     387523   ELF Image Totals
     12296        900      40740         52          0          0   ROM Totals

==============================================================================

    Total RO  Size (Code + RO Data)                53036 (  51.79kB)
    Total RW  Size (RW Data + ZI Data)              1392 (   1.36kB)
    Total ROM Size (Code + RO Data + RW Data)      53088 (  51.84kB)

==============================================================================

