<html>
<body>
<pre>
<h1>µVision Build Log</h1>
<h2>Tool Versions:</h2>
IDE-Version: ¦ÌVision V5.24.2.0
Copyright (C) 2017 ARM Ltd and ARM Germany GmbH. All rights reserved.
License Information: 1 1, 1, LIC=SDA0P-MRMZF-PC9J8-3RU5D-NZ0PR-WZWX3
 
Tool Versions:
Toolchain:       MDK-ARM Plus  Version: 5.24.1
Toolchain Path:  C:\studyapp\Keil\C51\ARM\ARMCC\Bin
C Compiler:      Armcc.exe V5.06 update 5 (build 528)
Assembler:       Armasm.exe V5.06 update 5 (build 528)
Linker/Locator:  ArmLink.exe V5.06 update 5 (build 528)
Library Manager: ArmAr.exe V5.06 update 5 (build 528)
Hex Converter:   FromElf.exe V5.06 update 5 (build 528)
CPU DLL:         SARMCM3.DLL V5.24.1
Dialog DLL:      DCM.DLL V1.16.0.0
Target DLL:      STLink\ST-LINKIII-KEIL_SWO.dll V3.0.1.0
Dialog DLL:      TCM.DLL V1.32.0.0
 
<h2>Project:</h2>
C:\Users\beast\Desktop\stm32\project\CarProject.uvprojx
Project File Date:  04/29/2026

<h2>Output:</h2>
*** Using Compiler 'V5.06 update 5 (build 528)', folder: 'C:\studyapp\Keil\C51\ARM\ARMCC\Bin'
Rebuild target 'CarProject'
assembling startup_stm32f10x_md.s...
compiling lanya.c...
compiling main.c...
..\user\api\led.h(20): warning:  #1-D: last line of file ends without a newline
  #endif
..\user\api\key.h(11): warning:  #1-D: last line of file ends without a newline
  #endif
..\user\main.c(35): warning:  #188-D: enumerated type mixed with another type
  				
EEP_ON(BEEP_Port,BEEP_Pin);
..\user\main.c(63): warning:  #951-D: return type of function "main" must be "int"
  void main(void)
..\user\main.c(99): warning:  #188-D: enumerated type mixed with another type
  		if(beep_num > 100){beep_num = 0; beep_flag = 0; 
EEP_OFF(BEEP_Port,BEEP_Pin);}
..\user\main.c(162): warning:  #1-D: last line of file ends without a newline
  			
..\user\main.c: 6 warnings, 0 errors
compiling spi.c...
compiling beep.c...
..\user\api\beep.c(10): warning:  #188-D: enumerated type mixed with another type
  	
EEP_OFF(BEEP_Port,BEEP_Pin);
..\user\api\beep.c(11): warning:  #1-D: last line of file ends without a newline
  }
..\user\api\beep.c: 2 warnings, 0 errors
compiling usart1.c...
compiling zz.c...
compiling stm32f10x_it.c...
compiling blue.c...
compiling system_stm32f10x.c...
compiling led.c...
..\user\api\led.h(20): warning:  #1-D: last line of file ends without a newline
  #endif
..\user\api\led.c(18): warning:  #1-D: last line of file ends without a newline
  }
..\user\api\led.c: 2 warnings, 0 errors
compiling delay.c...
compiling key.c...
..\user\api\key.h(11): warning:  #1-D: last line of file ends without a newline
  #endif
..\user\api\key.c(42): warning:  #1-D: last line of file ends without a newline
  }
..\user\api\key.c: 2 warnings, 0 errors
compiling lcd.c...
compiling biz.c...
compiling xj.c...
compiling motor.c...
compiling wifitu.c...
compiling sr04.c...
compiling gensui.c...
compiling track.c...
compiling sg90.c...
compiling wifi.c...
compiling misc.c...
compiling stm32f10x_bkp.c...
compiling stm32f10x_adc.c...
compiling stm32f10x_can.c...
compiling stm32f10x_cec.c...
compiling stm32f10x_crc.c...
compiling stm32f10x_dac.c...
compiling stm32f10x_exti.c...
compiling stm32f10x_dma.c...
compiling stm32f10x_dbgmcu.c...
compiling stm32f10x_flash.c...
compiling stm32f10x_fsmc.c...
compiling stm32f10x_gpio.c...
compiling stm32f10x_iwdg.c...
compiling stm32f10x_i2c.c...
compiling stm32f10x_pwr.c...
compiling stm32f10x_rcc.c...
compiling stm32f10x_rtc.c...
compiling stm32f10x_sdio.c...
compiling stm32f10x_spi.c...
compiling stm32f10x_usart.c...
compiling stm32f10x_wwdg.c...
compiling stm32f10x_tim.c...
linking...
Program Size: Code=12296 RO-data=40740 RW-data=52 ZI-data=1340  
FromELF: creating hex file...
".\Objects\CarProject.axf" - 0 Error(s), 12 Warning(s).

<h2>Software Packages used:</h2>

Package Vendor: ARM
                http://www.keil.com/pack/ARM.CMSIS.5.0.1.pack
                ARM.CMSIS.5.0.1
                CMSIS (Cortex Microcontroller Software Interface Standard)
   * Component: CORE Version: 5.0.1

Package Vendor: Keil
                http://www.keil.com/pack/Keil.STM32F1xx_DFP.2.2.0.pack
                Keil.STM32F1xx_DFP.2.2.0
                STMicroelectronics STM32F1 Series Device Support, Drivers and Examples

<h2>Collection of Component include folders:</h2>
  .\RTE\_CarProject
  C:\studyapp\Keil\C51\ARM\PACK\ARM\CMSIS\5.0.1\CMSIS\Include
  C:\studyapp\Keil\C51\ARM\PACK\Keil\STM32F1xx_DFP\2.2.0\Device\Include

<h2>Collection of Component Files used:</h2>

   * Component: ARM::CMSIS:CORE:5.0.1
Build Time Elapsed:  00:00:03
</pre>
</body>
</html>
